Archive member included to satisfy reference by file (symbol)

c:/ac6/systemworkbench/plugins/fr.ac6.mcu.externaltools.arm-none.win32_1.13.2.201705091103/tools/compiler/bin/../lib/gcc/arm-none-eabi/5.4.1/../../../../arm-none-eabi/lib/armv7e-m/fpu\libm.a(lib_a-w_pow.o)
                              Src/Swc/Display/Display.o (pow)
c:/ac6/systemworkbench/plugins/fr.ac6.mcu.externaltools.arm-none.win32_1.13.2.201705091103/tools/compiler/bin/../lib/gcc/arm-none-eabi/5.4.1/../../../../arm-none-eabi/lib/armv7e-m/fpu\libm.a(lib_a-w_sqrt.o)
                              Src/Swc/Sense/Sense.o (sqrt)
c:/ac6/systemworkbench/plugins/fr.ac6.mcu.externaltools.arm-none.win32_1.13.2.201705091103/tools/compiler/bin/../lib/gcc/arm-none-eabi/5.4.1/../../../../arm-none-eabi/lib/armv7e-m/fpu\libm.a(lib_a-e_pow.o)
                              c:/ac6/systemworkbench/plugins/fr.ac6.mcu.externaltools.arm-none.win32_1.13.2.201705091103/tools/compiler/bin/../lib/gcc/arm-none-eabi/5.4.1/../../../../arm-none-eabi/lib/armv7e-m/fpu\libm.a(lib_a-w_pow.o) (__ieee754_pow)
c:/ac6/systemworkbench/plugins/fr.ac6.mcu.externaltools.arm-none.win32_1.13.2.201705091103/tools/compiler/bin/../lib/gcc/arm-none-eabi/5.4.1/../../../../arm-none-eabi/lib/armv7e-m/fpu\libm.a(lib_a-e_sqrt.o)
                              c:/ac6/systemworkbench/plugins/fr.ac6.mcu.externaltools.arm-none.win32_1.13.2.201705091103/tools/compiler/bin/../lib/gcc/arm-none-eabi/5.4.1/../../../../arm-none-eabi/lib/armv7e-m/fpu\libm.a(lib_a-w_sqrt.o) (__ieee754_sqrt)
c:/ac6/systemworkbench/plugins/fr.ac6.mcu.externaltools.arm-none.win32_1.13.2.201705091103/tools/compiler/bin/../lib/gcc/arm-none-eabi/5.4.1/../../../../arm-none-eabi/lib/armv7e-m/fpu\libm.a(lib_a-s_fabs.o)
                              c:/ac6/systemworkbench/plugins/fr.ac6.mcu.externaltools.arm-none.win32_1.13.2.201705091103/tools/compiler/bin/../lib/gcc/arm-none-eabi/5.4.1/../../../../arm-none-eabi/lib/armv7e-m/fpu\libm.a(lib_a-e_pow.o) (fabs)
c:/ac6/systemworkbench/plugins/fr.ac6.mcu.externaltools.arm-none.win32_1.13.2.201705091103/tools/compiler/bin/../lib/gcc/arm-none-eabi/5.4.1/../../../../arm-none-eabi/lib/armv7e-m/fpu\libm.a(lib_a-s_finite.o)
                              c:/ac6/systemworkbench/plugins/fr.ac6.mcu.externaltools.arm-none.win32_1.13.2.201705091103/tools/compiler/bin/../lib/gcc/arm-none-eabi/5.4.1/../../../../arm-none-eabi/lib/armv7e-m/fpu\libm.a(lib_a-w_pow.o) (finite)
c:/ac6/systemworkbench/plugins/fr.ac6.mcu.externaltools.arm-none.win32_1.13.2.201705091103/tools/compiler/bin/../lib/gcc/arm-none-eabi/5.4.1/../../../../arm-none-eabi/lib/armv7e-m/fpu\libm.a(lib_a-s_lib_ver.o)
                              c:/ac6/systemworkbench/plugins/fr.ac6.mcu.externaltools.arm-none.win32_1.13.2.201705091103/tools/compiler/bin/../lib/gcc/arm-none-eabi/5.4.1/../../../../arm-none-eabi/lib/armv7e-m/fpu\libm.a(lib_a-w_pow.o) (__fdlib_version)
c:/ac6/systemworkbench/plugins/fr.ac6.mcu.externaltools.arm-none.win32_1.13.2.201705091103/tools/compiler/bin/../lib/gcc/arm-none-eabi/5.4.1/../../../../arm-none-eabi/lib/armv7e-m/fpu\libm.a(lib_a-s_matherr.o)
                              c:/ac6/systemworkbench/plugins/fr.ac6.mcu.externaltools.arm-none.win32_1.13.2.201705091103/tools/compiler/bin/../lib/gcc/arm-none-eabi/5.4.1/../../../../arm-none-eabi/lib/armv7e-m/fpu\libm.a(lib_a-w_pow.o) (matherr)
c:/ac6/systemworkbench/plugins/fr.ac6.mcu.externaltools.arm-none.win32_1.13.2.201705091103/tools/compiler/bin/../lib/gcc/arm-none-eabi/5.4.1/../../../../arm-none-eabi/lib/armv7e-m/fpu\libm.a(lib_a-s_nan.o)
                              c:/ac6/systemworkbench/plugins/fr.ac6.mcu.externaltools.arm-none.win32_1.13.2.201705091103/tools/compiler/bin/../lib/gcc/arm-none-eabi/5.4.1/../../../../arm-none-eabi/lib/armv7e-m/fpu\libm.a(lib_a-e_pow.o) (nan)
c:/ac6/systemworkbench/plugins/fr.ac6.mcu.externaltools.arm-none.win32_1.13.2.201705091103/tools/compiler/bin/../lib/gcc/arm-none-eabi/5.4.1/../../../../arm-none-eabi/lib/armv7e-m/fpu\libm.a(lib_a-s_rint.o)
                              c:/ac6/systemworkbench/plugins/fr.ac6.mcu.externaltools.arm-none.win32_1.13.2.201705091103/tools/compiler/bin/../lib/gcc/arm-none-eabi/5.4.1/../../../../arm-none-eabi/lib/armv7e-m/fpu\libm.a(lib_a-w_pow.o) (rint)
c:/ac6/systemworkbench/plugins/fr.ac6.mcu.externaltools.arm-none.win32_1.13.2.201705091103/tools/compiler/bin/../lib/gcc/arm-none-eabi/5.4.1/../../../../arm-none-eabi/lib/armv7e-m/fpu\libm.a(lib_a-s_scalbn.o)
                              c:/ac6/systemworkbench/plugins/fr.ac6.mcu.externaltools.arm-none.win32_1.13.2.201705091103/tools/compiler/bin/../lib/gcc/arm-none-eabi/5.4.1/../../../../arm-none-eabi/lib/armv7e-m/fpu\libm.a(lib_a-e_pow.o) (scalbn)
c:/ac6/systemworkbench/plugins/fr.ac6.mcu.externaltools.arm-none.win32_1.13.2.201705091103/tools/compiler/bin/../lib/gcc/arm-none-eabi/5.4.1/../../../../arm-none-eabi/lib/armv7e-m/fpu\libm.a(lib_a-s_copysign.o)
[...]
Memory Configuration

Name             Origin             Length             Attributes
RAM              0x20000000         0x00020000         xrw
CCMRAM           0x10000000         0x00010000         rw
FLASH            0x08000000         0x00100000         xr
*default*        0x00000000         0xffffffff

Linker script and memory map

LOAD c:/ac6/systemworkbench/plugins/fr.ac6.mcu.externaltools.arm-none.win32_1.13.2.201705091103/tools/compiler/bin/../lib/gcc/arm-none-eabi/5.4.1/armv7e-m/fpu/crti.o
LOAD c:/ac6/systemworkbench/plugins/fr.ac6.mcu.externaltools.arm-none.win32_1.13.2.201705091103/tools/compiler/bin/../lib/gcc/arm-none-eabi/5.4.1/armv7e-m/fpu/crtbegin.o
LOAD c:/ac6/systemworkbench/plugins/fr.ac6.mcu.externaltools.arm-none.win32_1.13.2.201705091103/tools/compiler/bin/../lib/gcc/arm-none-eabi/5.4.1/../../../../arm-none-eabi/lib/armv7e-m/fpu/crt0.o
LOAD Drivers/STM32F4xx_HAL_Driver/Src/stm32f4xx_hal.o
LOAD Drivers/STM32F4xx_HAL_Driver/Src/stm32f4xx_hal_adc.o
LOAD Drivers/STM32F4xx_HAL_Driver/Src/stm32f4xx_hal_adc_ex.o
LOAD Drivers/STM32F4xx_HAL_Driver/Src/stm32f4xx_hal_can.o
LOAD Drivers/STM32F4xx_HAL_Driver/Src/stm32f4xx_hal_cortex.o
LOAD Drivers/STM32F4xx_HAL_Driver/Src/stm32f4xx_hal_dma.o
LOAD Drivers/STM32F4xx_HAL_Driver/Src/stm32f4xx_hal_dma_ex.o
LOAD Drivers/STM32F4xx_HAL_Driver/Src/stm32f4xx_hal_flash.o
LOAD Drivers/STM32F4xx_HAL_Driver/Src/stm32f4xx_hal_flash_ex.o
LOAD Drivers/STM32F4xx_HAL_Driver/Src/stm32f4xx_hal_flash_ramfunc.o
LOAD Drivers/STM32F4xx_HAL_Driver/Src/stm32f4xx_hal_gpio.o
LOAD Drivers/STM32F4xx_HAL_Driver/Src/stm32f4xx_hal_pwr.o
LOAD Drivers/STM32F4xx_HAL_Driver/Src/stm32f4xx_hal_pwr_ex.o
LOAD Drivers/STM32F4xx_HAL_Driver/Src/stm32f4xx_hal_rcc.o
LOAD Drivers/STM32F4xx_HAL_Driver/Src/stm32f4xx_hal_rcc_ex.o
LOAD Drivers/STM32F4xx_HAL_Driver/Src/stm32f4xx_hal_spi.o
LOAD Drivers/STM32F4xx_HAL_Driver/Src/stm32f4xx_hal_tim.o
LOAD Drivers/STM32F4xx_HAL_Driver/Src/stm32f4xx_hal_tim_ex.o
LOAD Src/Bsw/adc.o
LOAD Src/Bsw/can.o
LOAD Src/Bsw/dma.o
LOAD Src/Bsw/gpio.o
LOAD Src/Bsw/spi.o
LOAD Src/Bsw/tim.o
LOAD Src/Swc/Display/Display.o
LOAD Src/Swc/Sense/Sense.o
LOAD Src/Swc/SigPrep/SigPrep.o
LOAD Src/main.o
LOAD Src/stm32f4xx_hal_msp.o
LOAD Src/stm32f4xx_it.o
LOAD Src/system_stm32f4xx.o
LOAD startup/startup_stm32f407xx.o
LOAD c:/ac6/systemworkbench/plugins/fr.ac6.mcu.externaltools.arm-none.win32_1.13.2.201705091103/tools/compiler/bin/../lib/gcc/arm-none-eabi/5.4.1/../../../../arm-none-eabi/lib/armv7e-m/fpu\libm.a
START GROUP
LOAD c:/ac6/systemworkbench/plugins/fr.ac6.mcu.externaltools.arm-none.win32_1.13.2.201705091103/tools/compiler/bin/../lib/gcc/arm-none-eabi/5.4.1/armv7e-m/fpu\libgcc.a
LOAD c:/ac6/systemworkbench/plugins/fr.ac6.mcu.externaltools.arm-none.win32_1.13.2.201705091103/tools/compiler/bin/../lib/gcc/arm-none-eabi/5.4.1/../../../../arm-none-eabi/lib/armv7e-m/fpu\libc_nano.a
END GROUP
START GROUP
LOAD c:/ac6/systemworkbench/plugins/fr.ac6.mcu.externaltools.arm-none.win32_1.13.2.201705091103/tools/compiler/bin/../lib/gcc/arm-none-eabi/5.4.1/armv7e-m/fpu\libgcc.a
LOAD c:/ac6/systemworkbench/plugins/fr.ac6.mcu.externaltools.arm-none.win32_1.13.2.201705091103/tools/compiler/bin/../lib/gcc/arm-none-eabi/5.4.1/../../../../arm-none-eabi/lib/armv7e-m/fpu\libc_nano.a
LOAD c:/ac6/systemworkbench/plugins/fr.ac6.mcu.externaltools.arm-none.win32_1.13.2.201705091103/tools/compiler/bin/../lib/gcc/arm-none-eabi/5.4.1/../../../../arm-none-eabi/lib/armv7e-m/fpu\libnosys.a
END GROUP
START GROUP
LOAD c:/ac6/systemworkbench/plugins/fr.ac6.mcu.externaltools.arm-none.win32_1.13.2.201705091103/tools/compiler/bin/../lib/gcc/arm-none-eabi/5.4.1/armv7e-m/fpu\libgcc.a
LOAD c:/ac6/systemworkbench/plugins/fr.ac6.mcu.externaltools.arm-none.win32_1.13.2.201705091103/tools/compiler/bin/../lib/gcc/arm-none-eabi/5.4.1/../../../../arm-none-eabi/lib/armv7e-m/fpu\libc_nano.a
LOAD c:/ac6/systemworkbench/plugins/fr.ac6.mcu.externaltools.arm-none.win32_1.13.2.201705091103/tools/compiler/bin/../lib/gcc/arm-none-eabi/5.4.1/../../../../arm-none-eabi/lib/armv7e-m/fpu\libnosys.a
END GROUP
LOAD c:/ac6/systemworkbench/plugins/fr.ac6.mcu.externaltools.arm-none.win32_1.13.2.201705091103/tools/compiler/bin/../lib/gcc/arm-none-eabi/5.4.1/armv7e-m/fpu/crtend.o
LOAD c:/ac6/systemworkbench/plugins/fr.ac6.mcu.externaltools.arm-none.win32_1.13.2.201705091103/tools/compiler/bin/../lib/gcc/arm-none-eabi/5.4.1/armv7e-m/fpu/crtn.o
                0x20020000                _estack = 0x20020000
                0x00000100                _Min_Heap_Size = 0x100
                0x00000500                _Min_Stack_Size = 0x500

.isr_vector     0x08000000      0x188
                0x08000000                . = ALIGN (0x4)
 *(.isr_vector)
 .isr_vector    0x08000000      0x188 startup/startup_stm32f407xx.o
                0x08000000                g_pfnVectors
                0x08000188                . = ALIGN (0x4)

.text           0x08000188     0x5078
                0x08000188                . = ALIGN (0x4)
 *(.text)
 .text          0x08000188       0x5c c:/ac6/systemworkbench/plugins/fr.ac6.mcu.externaltools.arm-none.win32_1.13.2.201705091103/tools/compiler/bin/../lib/gcc/arm-none-eabi/5.4.1/armv7e-m/fpu/crtbegin.o
 .text          0x080001e4      0x370 c:/ac6/systemworkbench/plugins/fr.ac6.mcu.externaltools.arm-none.win32_1.13.2.201705091103/tools/compiler/bin/../lib/gcc/arm-none-eabi/5.4.1/armv7e-m/fpu\libgcc.a(_arm_addsubdf3.o)
                0x080001e4                __aeabi_drsub
                0x080001ec                __aeabi_dsub
                0x080001ec                __subdf3
                0x080001f0                __aeabi_dadd
                0x080001f0                __adddf3
                0x08000468                __floatunsidf
                0x08000468                __aeabi_ui2d
                0x08000488                __floatsidf
                0x08000488                __aeabi_i2d
                0x080004ac                __aeabi_f2d
                0x080004ac                __extendsfdf2
                0x080004e8                __floatundidf
                0x080004e8                __aeabi_ul2d
                0x080004f8                __floatdidf
                0x080004f8                __aeabi_l2d
 .text          0x08000554      0x424 c:/ac6/systemworkbench/plugins/fr.ac6.mcu.externaltools.arm-none.win32_1.13.2.201705091103/tools/compiler/bin/../lib/gcc/arm-none-eabi/5.4.1/armv7e-m/fpu\libgcc.a(_arm_muldivdf3.o)
                0x08000554                __aeabi_dmul
                0x08000554                __muldf3
                0x080007a8                __divdf3
                0x080007a8                __aeabi_ddiv
 .text          0x08000978      0x110 c:/ac6/systemworkbench/plugins/fr.ac6.mcu.externaltools.arm-none.win32_1.13.2.201705091103/tools/compiler/bin/../lib/gcc/arm-none-eabi/5.4.1/armv7e-m/fpu\libgcc.a(_arm_cmpdf2.o)
                0x08000978                __gtdf2
                0x08000978                __gedf2
                0x08000980                __ltdf2
                0x08000980                __ledf2
                0x08000988                __nedf2
                0x08000988                __eqdf2
                0x08000988                __cmpdf2
                0x08000a04                __aeabi_cdrcmple
                0x08000a14                __aeabi_cdcmpeq
                0x08000a14                __aeabi_cdcmple
                0x08000a24                __aeabi_dcmpeq
                0x08000a38                __aeabi_dcmplt
                0x08000a4c                __aeabi_dcmple
                0x08000a60                __aeabi_dcmpge
                0x08000a74                __aeabi_dcmpgt
 .text          0x08000a88       0x2c c:/ac6/systemworkbench/plugins/fr.ac6.mcu.externaltools.arm-none.win32_1.13.2.201705091103/tools/compiler/bin/../lib/gcc/arm-none-eabi/5.4.1/armv7e-m/fpu\libgcc.a(_arm_unorddf2.o)
                0x08000a88                __unorddf2
                0x08000a88                __aeabi_dcmpun
 .text          0x08000ab4       0x40 c:/ac6/systemworkbench/plugins/fr.ac6.mcu.externaltools.arm-none.win32_1.13.2.201705091103/tools/compiler/bin/../lib/gcc/arm-none-eabi/5.4.1/armv7e-m/fpu\libgcc.a(_arm_fixunsdfsi.o)
                0x08000ab4                __aeabi_d2uiz
                0x08000ab4                __fixunsdfsi
 .text          0x08000af4       0xa0 c:/ac6/systemworkbench/plugins/fr.ac6.mcu.externaltools.arm-none.win32_1.13.2.201705091103/tools/compiler/bin/../lib/gcc/arm-none-eabi/5.4.1/armv7e-m/fpu\libgcc.a(_arm_truncdfsf2.o)
                0x08000af4                __truncdfsf2
                0x08000af4                __aeabi_d2f
 *(.text*)
 .text.HAL_InitTick
                0x08000b94       0x2c Drivers/STM32F4xx_HAL_Driver/Src/stm32f4xx_hal.o
                0x08000b94                HAL_InitTick
 .text.HAL_Init
                0x08000bc0       0x34 Drivers/STM32F4xx_HAL_Driver/Src/stm32f4xx_hal.o
                0x08000bc0                HAL_Init
 .text.HAL_IncTick
                0x08000bf4       0x10 Drivers/STM32F4xx_HAL_Driver/Src/stm32f4xx_hal.o
                0x08000bf4                HAL_IncTick
 .text.HAL_GetTick
                0x08000c04        0xc Drivers/STM32F4xx_HAL_Driver/Src/stm32f4xx_hal.o
                0x08000c04                HAL_GetTick
 .text.ADC_Init
                0x08000c10      0x138 Drivers/STM32F4xx_HAL_Driver/Src/stm32f4xx_hal_adc.o
 .text.HAL_ADC_Init
                0x08000d48       0x54 Drivers/STM32F4xx_HAL_Driver/Src/stm32f4xx_hal_adc.o
                0x08000d48                HAL_ADC_Init
 .text.HAL_ADC_Start_DMA
                0x08000d9c      0x140 Drivers/STM32F4xx_HAL_Driver/Src/stm32f4xx_hal_adc.o
                0x08000d9c                HAL_ADC_Start_DMA
 .text.HAL_ADC_Stop_DMA
                0x08000edc       0x60 Drivers/STM32F4xx_HAL_Driver/Src/stm32f4xx_hal_adc.o
                0x08000edc                HAL_ADC_Stop_DMA
 .text.HAL_ADC_ConvCpltCallback
                0x08000f3c        0x4 Drivers/STM32F4xx_HAL_Driver/Src/stm32f4xx_hal_adc.o
                0x08000f3c                HAL_ADC_ConvCpltCallback
 .text.ADC_DMAConvCplt
                0x08000f40       0x64 Drivers/STM32F4xx_HAL_Driver/Src/stm32f4xx_hal_adc.o
 .text.HAL_ADC_ConvHalfCpltCallback
                0x08000fa4        0x4 Drivers/STM32F4xx_HAL_Driver/Src/stm32f4xx_hal_adc.o
                0x08000fa4                HAL_ADC_ConvHalfCpltCallback
 .text.ADC_DMAHalfConvCplt
                0x08000fa8        0xc Drivers/STM32F4xx_HAL_Driver/Src/stm32f4xx_hal_adc.o
 .text.HAL_ADC_ErrorCallback
                0x08000fb4        0x4 Drivers/STM32F4xx_HAL_Driver/Src/stm32f4xx_hal_adc.o
                0x08000fb4                HAL_ADC_ErrorCallback
 .text.ADC_DMAError
                0x08000fb8       0x18 Drivers/STM32F4xx_HAL_Driver/Src/stm32f4xx_hal_adc.o
 .text.HAL_ADC_ConfigChannel
                0x08000fd0      0x18c Drivers/STM32F4xx_HAL_Driver/Src/stm32f4xx_hal_adc.o
                0x08000fd0                HAL_ADC_ConfigChannel
 .text.HAL_CAN_ConfigFilter
                0x0800115c      0x10c Drivers/STM32F4xx_HAL_Driver/Src/stm32f4xx_hal_can.o
                0x0800115c                HAL_CAN_ConfigFilter
 .text.HAL_CAN_Init
                0x08001268      0x188 Drivers/STM32F4xx_HAL_Driver/Src/stm32f4xx_hal_can.o
                0x08001268                HAL_CAN_Init
 .text.HAL_CAN_DeInit
                0x080013f0       0x20 Drivers/STM32F4xx_HAL_Driver/Src/stm32f4xx_hal_can.o
                0x080013f0                HAL_CAN_DeInit
 .text.HAL_CAN_Receive
                0x08001410      0x290 Drivers/STM32F4xx_HAL_Driver/Src/stm32f4xx_hal_can.o
                0x08001410                HAL_CAN_Receive
 .text.HAL_NVIC_SetPriorityGrouping
                0x080016a0       0x24 Drivers/STM32F4xx_HAL_Driver/Src/stm32f4xx_hal_cortex.o
                0x080016a0                HAL_NVIC_SetPriorityGrouping
 .text.HAL_NVIC_SetPriority
                0x080016c4       0x64 Drivers/STM32F4xx_HAL_Driver/Src/stm32f4xx_hal_cortex.o
                0x080016c4                HAL_NVIC_SetPriority
 .text.HAL_NVIC_EnableIRQ
                0x08001728       0x18 Drivers/STM32F4xx_HAL_Driver/Src/stm32f4xx_hal_cortex.o
                0x08001728                HAL_NVIC_EnableIRQ
 .text.HAL_SYSTICK_Config
                0x08001740       0x2c Drivers/STM32F4xx_HAL_Driver/Src/stm32f4xx_hal_cortex.o
                0x08001740                HAL_SYSTICK_Config
 .text.HAL_SYSTICK_CLKSourceConfig
                0x0800176c       0x20 Drivers/STM32F4xx_HAL_Driver/Src/stm32f4xx_hal_cortex.o
                0x0800176c                HAL_SYSTICK_CLKSourceConfig
 .text.HAL_SYSTICK_Callback
                0x0800178c        0x4 Drivers/STM32F4xx_HAL_Driver/Src/stm32f4xx_hal_cortex.o
                0x0800178c                HAL_SYSTICK_Callback
 .text.HAL_SYSTICK_IRQHandler
                0x08001790        0x8 Drivers/STM32F4xx_HAL_Driver/Src/stm32f4xx_hal_cortex.o
                0x08001790                HAL_SYSTICK_IRQHandler
 .text.DMA_SetConfig
                0x08001798       0x2c Drivers/STM32F4xx_HAL_Driver/Src/stm32f4xx_hal_dma.o
 .text.DMA_CalcBaseAndBitshift
                0x080017c4       0x3c Drivers/STM32F4xx_HAL_Driver/Src/stm32f4xx_hal_dma.o
 .text.DMA_CheckFifoParam
                0x08001800       0x90 Drivers/STM32F4xx_HAL_Driver/Src/stm32f4xx_hal_dma.o
 .text.HAL_DMA_Init
                0x08001890       0xd0 Drivers/STM32F4xx_HAL_Driver/Src/stm32f4xx_hal_dma.o
                0x08001890                HAL_DMA_Init
 .text.HAL_DMA_Start_IT
                0x08001960       0x74 Drivers/STM32F4xx_HAL_Driver/Src/stm32f4xx_hal_dma.o
                0x08001960                HAL_DMA_Start_IT
 .text.HAL_DMA_Abort
                0x080019d4       0x94 Drivers/STM32F4xx_HAL_Driver/Src/stm32f4xx_hal_dma.o
                0x080019d4                HAL_DMA_Abort
 .text.HAL_DMA_Abort_IT
                0x08001a68       0x28 Drivers/STM32F4xx_HAL_Driver/Src/stm32f4xx_hal_dma.o
                0x08001a68                HAL_DMA_Abort_IT
 .text.HAL_DMA_IRQHandler
                0x08001a90      0x1e0 Drivers/STM32F4xx_HAL_Driver/Src/stm32f4xx_hal_dma.o
                0x08001a90                HAL_DMA_IRQHandler
 .text.HAL_GPIO_Init
                0x08001c70      0x1c0 Drivers/STM32F4xx_HAL_Driver/Src/stm32f4xx_hal_gpio.o
                0x08001c70                HAL_GPIO_Init
 .text.HAL_GPIO_DeInit
                0x08001e30      0x11c Drivers/STM32F4xx_HAL_Driver/Src/stm32f4xx_hal_gpio.o
                0x08001e30                HAL_GPIO_DeInit
 .text.HAL_GPIO_WritePin
                0x08001f4c        0xc Drivers/STM32F4xx_HAL_Driver/Src/stm32f4xx_hal_gpio.o
                0x08001f4c                HAL_GPIO_WritePin
 .text.HAL_RCC_OscConfig
                0x08001f58      0x3c8 Drivers/STM32F4xx_HAL_Driver/Src/stm32f4xx_hal_rcc.o
                0x08001f58                HAL_RCC_OscConfig
 .text.HAL_RCC_GetSysClockFreq
                0x08002320       0xa4 Drivers/STM32F4xx_HAL_Driver/Src/stm32f4xx_hal_rcc.o
                0x08002320                HAL_RCC_GetSysClockFreq
 .text.HAL_RCC_ClockConfig
                0x080023c4      0x1b0 Drivers/STM32F4xx_HAL_Driver/Src/stm32f4xx_hal_rcc.o
                0x080023c4                HAL_RCC_ClockConfig
 .text.HAL_RCC_GetHCLKFreq
                0x08002574        0xc Drivers/STM32F4xx_HAL_Driver/Src/stm32f4xx_hal_rcc.o
                0x08002574                HAL_RCC_GetHCLKFreq
 .text.SPI_WaitFlagStateUntilTimeout
                0x08002580       0x94 Drivers/STM32F4xx_HAL_Driver/Src/stm32f4xx_hal_spi.o
 .text.SPI_CheckFlag_BSY
                0x08002614       0x28 Drivers/STM32F4xx_HAL_Driver/Src/stm32f4xx_hal_spi.o
 .text.HAL_SPI_Init
                0x0800263c       0x84 Drivers/STM32F4xx_HAL_Driver/Src/stm32f4xx_hal_spi.o
                0x0800263c                HAL_SPI_Init
 .text.HAL_SPI_Transmit
                0x080026c0      0x1b0 Drivers/STM32F4xx_HAL_Driver/Src/stm32f4xx_hal_spi.o
                0x080026c0                HAL_SPI_Transmit
 .text.HAL_SPI_ErrorCallback
                0x08002870        0x4 Drivers/STM32F4xx_HAL_Driver/Src/stm32f4xx_hal_spi.o
                0x08002870                HAL_SPI_ErrorCallback
 .text.HAL_SPI_IRQHandler
                0x08002874      0x104 Drivers/STM32F4xx_HAL_Driver/Src/stm32f4xx_hal_spi.o
                0x08002874                HAL_SPI_IRQHandler
 .text.SPI_DMAAbortOnError
                0x08002978       0x10 Drivers/STM32F4xx_HAL_Driver/Src/stm32f4xx_hal_spi.o
 .text.HAL_TIM_PeriodElapsedCallback
                0x08002988        0x4 Drivers/STM32F4xx_HAL_Driver/Src/stm32f4xx_hal_tim.o
                0x08002988                HAL_TIM_PeriodElapsedCallback
 .text.HAL_TIM_OC_DelayElapsedCallback
                0x0800298c        0x4 Drivers/STM32F4xx_HAL_Driver/Src/stm32f4xx_hal_tim.o
                0x0800298c                HAL_TIM_OC_DelayElapsedCallback
 .text.HAL_TIM_IC_CaptureCallback
                0x08002990        0x4 Drivers/STM32F4xx_HAL_Driver/Src/stm32f4xx_hal_tim.o
                0x08002990                HAL_TIM_IC_CaptureCallback
 .text.HAL_TIM_PWM_PulseFinishedCallback
                0x08002994        0x4 Drivers/STM32F4xx_HAL_Driver/Src/stm32f4xx_hal_tim.o
                0x08002994                HAL_TIM_PWM_PulseFinishedCallback
 .text.HAL_TIM_TriggerCallback
                0x08002998        0x4 Drivers/STM32F4xx_HAL_Driver/Src/stm32f4xx_hal_tim.o
                0x08002998                HAL_TIM_TriggerCallback
 .text.HAL_TIM_IRQHandler
                0x0800299c      0x174 Drivers/STM32F4xx_HAL_Driver/Src/stm32f4xx_hal_tim.o
                0x0800299c                HAL_TIM_IRQHandler
 .text.HAL_TIMEx_CommutationCallback
                0x08002b10        0x4 Drivers/STM32F4xx_HAL_Driver/Src/stm32f4xx_hal_tim_ex.o
                0x08002b10                HAL_TIMEx_CommutationCallback
 .text.HAL_TIMEx_BreakCallback
                0x08002b14        0x4 Drivers/STM32F4xx_HAL_Driver/Src/stm32f4xx_hal_tim_ex.o
                0x08002b14                HAL_TIMEx_BreakCallback
 .text.MX_ADC1_Init
                0x08002b18       0xb8 Src/Bsw/adc.o
                0x08002b18                MX_ADC1_Init
 .text.HAL_ADC_MspInit
                0x08002bd0       0xa0 Src/Bsw/adc.o
                0x08002bd0                HAL_ADC_MspInit
 .text.MX_CAN1_Init
                0x08002c70       0x9c Src/Bsw/can.o
                0x08002c70                MX_CAN1_Init
 .text.HAL_CAN_MspInit
                0x08002d0c       0x50 Src/Bsw/can.o
                0x08002d0c                HAL_CAN_MspInit
 .text.HAL_CAN_MspDeInit
                0x08002d5c       0x2c Src/Bsw/can.o
                0x08002d5c                HAL_CAN_MspDeInit
 .text.MX_DMA_Init
                0x08002d88       0x44 Src/Bsw/dma.o
                0x08002d88                MX_DMA_Init
 .text.MX_GPIO_Init
                0x08002dcc      0x158 Src/Bsw/gpio.o
                0x08002dcc                MX_GPIO_Init
 .text.MX_SPI1_Init
                0x08002f24       0x4c Src/Bsw/spi.o
                0x08002f24                MX_SPI1_Init
 .text.HAL_SPI_MspInit
                0x08002f70       0xb8 Src/Bsw/spi.o
                0x08002f70                HAL_SPI_MspInit
 .text.ManualControl
                0x08003028       0x2c Src/Swc/Display/Display.o
                0x08003028                ManualControl
 *fill*         0x08003054        0x4 
 .text.fPowerSum
                0x08003058       0x58 Src/Swc/Display/Display.o
                0x08003058                fPowerSum
 .text.AssignVal
                0x080030b0       0x10 Src/Swc/Display/Display.o
                0x080030b0                AssignVal
 .text.Tunneling
                0x080030c0       0x40 Src/Swc/Display/Display.o
                0x080030c0                Tunneling
 .text.SignTunneling
                0x08003100       0x3c Src/Swc/Display/Display.o
                0x08003100                SignTunneling
 *fill*         0x0800313c        0x4 
 .text.WeatherGlare_PowerSum
                0x08003140       0x50 Src/Swc/Display/Display.o
                0x08003140                WeatherGlare_PowerSum
 .text.WeatherGlare_PLUS_Tunneling
                0x08003190       0xc8 Src/Swc/Display/Display.o
                0x08003190                WeatherGlare_PLUS_Tunneling
 .text.write_to_SLAVE_1
                0x08003258       0x4c Src/Swc/Display/Display.o
                0x08003258                write_to_SLAVE_1
 .text.BendLightRight
                0x080032a4       0x30 Src/Swc/Display/Display.o
                0x080032a4                BendLightRight
 .text.init_leds_1
                0x080032d4       0x38 Src/Swc/Display/Display.o
                0x080032d4                init_leds_1
 .text.write_to_SLAVE_2
                0x0800330c       0x48 Src/Swc/Display/Display.o
                0x0800330c                write_to_SLAVE_2
 .text.BendLightLeft
                0x08003354       0x30 Src/Swc/Display/Display.o
                0x08003354                BendLightLeft
 .text.StraightRoad
                0x08003384       0x44 Src/Swc/Display/Display.o
                0x08003384                StraightRoad
 .text.Dim      0x080033c8       0x44 Src/Swc/Display/Display.o
                0x080033c8                Dim
 .text.init_leds_2
                0x0800340c       0x38 Src/Swc/Display/Display.o
                0x0800340c                init_leds_2
 .text.init_DisplaySettings
                0x08003444       0xc4 Src/Swc/Display/Display.o
                0x08003444                init_DisplaySettings
 .text.Display  0x08003508       0x70 Src/Swc/Display/Display.o
                0x08003508                Display
 .text.give_Voltage
                0x08003578       0x18 Src/Swc/Sense/Sense.o
                0x08003578                give_Voltage
 .text.configure_Voltage
                0x08003590       0x20 Src/Swc/Sense/Sense.o
                0x08003590                configure_Voltage
 .text.Mean_Value
                0x080035b0       0x38 Src/Swc/Sense/Sense.o
                0x080035b0                Mean_Value
 .text.Standard_Deviation
                0x080035e8       0x8c Src/Swc/Sense/Sense.o
                0x080035e8                Standard_Deviation
 .text.init_distanceArray
                0x08003674       0x20 Src/Swc/Sense/Sense.o
                0x08003674                init_distanceArray
 .text.aproxDistance
                0x08003694       0x50 Src/Swc/Sense/Sense.o
                0x08003694                aproxDistance
 .text.give_Distance
                0x080036e4        0x8 Src/Swc/Sense/Sense.o
                0x080036e4                give_Distance
 .text.High_Val
                0x080036ec       0x10 Src/Swc/Sense/Sense.o
                0x080036ec                High_Val
 .text.Low_Val  0x080036fc       0x10 Src/Swc/Sense/Sense.o
                0x080036fc                Low_Val
 .text.Give_State
                0x0800370c       0x24 Src/Swc/Sense/Sense.o
                0x0800370c                Give_State
 .text.init_StateArray
                0x08003730       0x14 Src/Swc/Sense/Sense.o
                0x08003730                init_StateArray
 .text.State_config
                0x08003744       0x70 Src/Swc/Sense/Sense.o
                0x08003744                State_config
 .text.Count_consecutive_Zeros
                0x080037b4       0x58 Src/Swc/Sense/Sense.o
                0x080037b4                Count_consecutive_Zeros
 .text.Value_Filtering
                0x0800380c       0x7c Src/Swc/Sense/Sense.o
                0x0800380c                Value_Filtering
 .text.configure_Distance
                0x08003888       0x64 Src/Swc/Sense/Sense.o
                0x08003888                configure_Distance
 .text.Distance_from_all_sensors
                0x080038ec       0x48 Src/Swc/Sense/Sense.o
                0x080038ec                Distance_from_all_sensors
 .text.UpdateCANStatus
                0x08003934       0xc8 Src/Swc/SigPrep/SigPrep.o
                0x08003934                UpdateCANStatus
 .text.verif_msg
                0x080039fc       0x30 Src/Swc/SigPrep/SigPrep.o
                0x080039fc                verif_msg
 .text.CAN_Rx   0x08003a2c       0x48 Src/Swc/SigPrep/SigPrep.o
                0x08003a2c                CAN_Rx
 .text._Error_Handler
                0x08003a74        0x4 Src/main.o
                0x08003a74                _Error_Handler
 .text.SystemClock_Config
                0x08003a78       0xc4 Src/main.o
                0x08003a78                SystemClock_Config
 .text.main     0x08003b3c      0x1a0 Src/main.o
                0x08003b3c                main
 .text.HAL_MspInit
                0x08003cdc       0x60 Src/stm32f4xx_hal_msp.o
                0x08003cdc                HAL_MspInit
 .text.NMI_Handler
                0x08003d3c        0x4 Src/stm32f4xx_it.o
                0x08003d3c                NMI_Handler
 .text.HardFault_Handler
                0x08003d40        0x4 Src/stm32f4xx_it.o
                0x08003d40                HardFault_Handler
 .text.MemManage_Handler
                0x08003d44        0x4 Src/stm32f4xx_it.o
                0x08003d44                MemManage_Handler
 .text.BusFault_Handler
                0x08003d48        0x4 Src/stm32f4xx_it.o
                0x08003d48                BusFault_Handler
 .text.UsageFault_Handler
                0x08003d4c        0x4 Src/stm32f4xx_it.o
                0x08003d4c                UsageFault_Handler
 .text.SVC_Handler
                0x08003d50        0x4 Src/stm32f4xx_it.o
                0x08003d50                SVC_Handler
 .text.DebugMon_Handler
                0x08003d54        0x4 Src/stm32f4xx_it.o
                0x08003d54                DebugMon_Handler
 .text.PendSV_Handler
                0x08003d58        0x4 Src/stm32f4xx_it.o
                0x08003d58                PendSV_Handler
 .text.SysTick_Handler
                0x08003d5c        0xc Src/stm32f4xx_it.o
                0x08003d5c                SysTick_Handler
 .text.TIM1_CC_IRQHandler
                0x08003d68       0x10 Src/stm32f4xx_it.o
                0x08003d68                TIM1_CC_IRQHandler
 .text.SPI1_IRQHandler
                0x08003d78       0x10 Src/stm32f4xx_it.o
                0x08003d78                SPI1_IRQHandler
 .text.DMA2_Stream0_IRQHandler
                0x08003d88       0x10 Src/stm32f4xx_it.o
                0x08003d88                DMA2_Stream0_IRQHandler
 .text.DMA2_Stream3_IRQHandler
                0x08003d98       0x10 Src/stm32f4xx_it.o
                0x08003d98                DMA2_Stream3_IRQHandler
 .text.SystemInit
                0x08003da8       0x4c Src/system_stm32f4xx.o
                0x08003da8                SystemInit
 .text.Reset_Handler
                0x08003df4       0x50 startup/startup_stm32f407xx.o
                0x08003df4                Reset_Handler
 .text.Default_Handler
                0x08003e44        0x2 startup/startup_stm32f407xx.o
                0x08003e44                RTC_Alarm_IRQHandler
                0x08003e44                HASH_RNG_IRQHandler
                0x08003e44                EXTI2_IRQHandler
                0x08003e44                TIM8_CC_IRQHandler
                0x08003e44                DMA2_Stream5_IRQHandler
                0x08003e44                DMA1_Stream5_IRQHandler
                0x08003e44                PVD_IRQHandler
                0x08003e44                SDIO_IRQHandler
                0x08003e44                TAMP_STAMP_IRQHandler
                0x08003e44                CAN2_RX1_IRQHandler
                0x08003e44                EXTI3_IRQHandler
                0x08003e44                TIM8_TRG_COM_TIM14_IRQHandler
                0x08003e44                TIM1_UP_TIM10_IRQHandler
                0x08003e44                TIM8_UP_TIM13_IRQHandler
                0x08003e44                I2C3_ER_IRQHandler
                0x08003e44                EXTI0_IRQHandler
                0x08003e44                I2C2_EV_IRQHandler
                0x08003e44                DMA1_Stream2_IRQHandler
                0x08003e44                CAN1_RX0_IRQHandler
                0x08003e44                FPU_IRQHandler
                0x08003e44                OTG_HS_WKUP_IRQHandler
                0x08003e44                CAN2_SCE_IRQHandler
                0x08003e44                DMA2_Stream2_IRQHandler
                0x08003e44                TIM6_DAC_IRQHandler
                0x08003e44                TIM1_BRK_TIM9_IRQHandler
                0x08003e44                DCMI_IRQHandler
                0x08003e44                CAN2_RX0_IRQHandler
                0x08003e44                USART6_IRQHandler
                0x08003e44                USART3_IRQHandler
                0x08003e44                CAN1_RX1_IRQHandler
                0x08003e44                UART5_IRQHandler
                0x08003e44                TIM4_IRQHandler
                0x08003e44                I2C1_EV_IRQHandler
                0x08003e44                DMA1_Stream6_IRQHandler
                0x08003e44                DMA1_Stream1_IRQHandler
                0x08003e44                UART4_IRQHandler
                0x08003e44                TIM3_IRQHandler
                0x08003e44                RCC_IRQHandler
                0x08003e44                TIM8_BRK_TIM12_IRQHandler
                0x08003e44                Default_Handler
                0x08003e44                EXTI15_10_IRQHandler
                0x08003e44                ADC_IRQHandler
                0x08003e44                DMA1_Stream7_IRQHandler
                0x08003e44                TIM7_IRQHandler
                0x08003e44                CAN2_TX_IRQHandler
                0x08003e44                TIM5_IRQHandler
                0x08003e44                DMA2_Stream7_IRQHandler
                0x08003e44                I2C3_EV_IRQHandler
                0x08003e44                EXTI9_5_IRQHandler
                0x08003e44                RTC_WKUP_IRQHandler
                0x08003e44                ETH_WKUP_IRQHandler
                0x08003e44                SPI2_IRQHandler
                0x08003e44                OTG_HS_EP1_IN_IRQHandler
                0x08003e44                DMA1_Stream0_IRQHandler
                0x08003e44                CAN1_TX_IRQHandler
                0x08003e44                EXTI4_IRQHandler
                0x08003e44                FSMC_IRQHandler
                0x08003e44                ETH_IRQHandler
                0x08003e44                OTG_HS_EP1_OUT_IRQHandler
                0x08003e44                WWDG_IRQHandler
                0x08003e44                TIM2_IRQHandler
                0x08003e44                OTG_FS_WKUP_IRQHandler
                0x08003e44                TIM1_TRG_COM_TIM11_IRQHandler
                0x08003e44                OTG_HS_IRQHandler
                0x08003e44                EXTI1_IRQHandler
                0x08003e44                USART2_IRQHandler
                0x08003e44                I2C2_ER_IRQHandler
                0x08003e44                DMA2_Stream1_IRQHandler
                0x08003e44                CAN1_SCE_IRQHandler
                0x08003e44                FLASH_IRQHandler
                0x08003e44                DMA2_Stream4_IRQHandler
                0x08003e44                USART1_IRQHandler
                0x08003e44                OTG_FS_IRQHandler
                0x08003e44                SPI3_IRQHandler
                0x08003e44                DMA1_Stream4_IRQHandler
                0x08003e44                I2C1_ER_IRQHandler
                0x08003e44                DMA2_Stream6_IRQHandler
                0x08003e44                DMA1_Stream3_IRQHandler
 *fill*         0x08003e46        0x2 
 .text.pow      0x08003e48      0x338 c:/ac6/systemworkbench/plugins/fr.ac6.mcu.externaltools.arm-none.win32_1.13.2.201705091103/tools/compiler/bin/../lib/gcc/arm-none-eabi/5.4.1/../../../../arm-none-eabi/lib/armv7e-m/fpu\libm.a(lib_a-w_pow.o)
                0x08003e48                pow
 .text.sqrt     0x08004180       0xc0 c:/ac6/systemworkbench/plugins/fr.ac6.mcu.externaltools.arm-none.win32_1.13.2.201705091103/tools/compiler/bin/../lib/gcc/arm-none-eabi/5.4.1/../../../../arm-none-eabi/lib/armv7e-m/fpu\libm.a(lib_a-w_sqrt.o)
                0x08004180                sqrt
 .text.__ieee754_pow
                0x08004240      0xb10 c:/ac6/systemworkbench/plugins/fr.ac6.mcu.externaltools.arm-none.win32_1.13.2.201705091103/tools/compiler/bin/../lib/gcc/arm-none-eabi/5.4.1/../../../../arm-none-eabi/lib/armv7e-m/fpu\libm.a(lib_a-e_pow.o)
                0x08004240                __ieee754_pow
 .text.__ieee754_sqrt
                0x08004d50      0x1a0 c:/ac6/systemworkbench/plugins/fr.ac6.mcu.externaltools.arm-none.win32_1.13.2.201705091103/tools/compiler/bin/../lib/gcc/arm-none-eabi/5.4.1/../../../../arm-none-eabi/lib/armv7e-m/fpu\libm.a(lib_a-e_sqrt.o)
                0x08004d50                __ieee754_sqrt
 .text.fabs     0x08004ef0       0x10 c:/ac6/systemworkbench/plugins/fr.ac6.mcu.externaltools.arm-none.win32_1.13.2.201705091103/tools/compiler/bin/../lib/gcc/arm-none-eabi/5.4.1/../../../../arm-none-eabi/lib/armv7e-m/fpu\libm.a(lib_a-s_fabs.o)
                0x08004ef0                fabs
 .text.finite   0x08004f00       0x10 c:/ac6/systemworkbench/plugins/fr.ac6.mcu.externaltools.arm-none.win32_1.13.2.201705091103/tools/compiler/bin/../lib/gcc/arm-none-eabi/5.4.1/../../../../arm-none-eabi/lib/armv7e-m/fpu\libm.a(lib_a-s_finite.o)
                0x08004f00                finite
 .text.matherr  0x08004f10        0x4 c:/ac6/systemworkbench/plugins/fr.ac6.mcu.externaltools.arm-none.win32_1.13.2.201705091103/tools/compiler/bin/../lib/gcc/arm-none-eabi/5.4.1/../../../../arm-none-eabi/lib/armv7e-m/fpu\libm.a(lib_a-s_matherr.o)
                0x08004f10                matherr
 *fill*         0x08004f14        0x4 
 .text.nan      0x08004f18       0x10 c:/ac6/systemworkbench/plugins/fr.ac6.mcu.externaltools.arm-none.win32_1.13.2.201705091103/tools/compiler/bin/../lib/gcc/arm-none-eabi/5.4.1/../../../../arm-none-eabi/lib/armv7e-m/fpu\libm.a(lib_a-s_nan.o)
                0x08004f18                nan
 .text.rint     0x08004f28      0x128 c:/ac6/systemworkbench/plugins/fr.ac6.mcu.externaltools.arm-none.win32_1.13.2.201705091103/tools/compiler/bin/../lib/gcc/arm-none-eabi/5.4.1/../../../../arm-none-eabi/lib/armv7e-m/fpu\libm.a(lib_a-s_rint.o)
                0x08004f28                rint
 .text.scalbn   0x08005050      0x10c c:/ac6/systemworkbench/plugins/fr.ac6.mcu.externaltools.arm-none.win32_1.13.2.201705091103/tools/compiler/bin/../lib/gcc/arm-none-eabi/5.4.1/../../../../arm-none-eabi/lib/armv7e-m/fpu\libm.a(lib_a-s_scalbn.o)
                0x08005050                scalbn
 .text.copysign
                0x0800515c       0x1c c:/ac6/systemworkbench/plugins/fr.ac6.mcu.externaltools.arm-none.win32_1.13.2.201705091103/tools/compiler/bin/../lib/gcc/arm-none-eabi/5.4.1/../../../../arm-none-eabi/lib/armv7e-m/fpu\libm.a(lib_a-s_copysign.o)
                0x0800515c                copysign
 .text.__errno  0x08005178        0xc c:/ac6/systemworkbench/plugins/fr.ac6.mcu.externaltools.arm-none.win32_1.13.2.201705091103/tools/compiler/bin/../lib/gcc/arm-none-eabi/5.4.1/../../../../arm-none-eabi/lib/armv7e-m/fpu\libc_nano.a(lib_a-errno.o)
                0x08005178                __errno
 .text.__libc_init_array
                0x08005184       0x4c c:/ac6/systemworkbench/plugins/fr.ac6.mcu.externaltools.arm-none.win32_1.13.2.201705091103/tools/compiler/bin/../lib/gcc/arm-none-eabi/5.4.1/../../../../arm-none-eabi/lib/armv7e-m/fpu\libc_nano.a(lib_a-init.o)
                0x08005184                __libc_init_array
 .text.memcpy   0x080051d0       0x16 c:/ac6/systemworkbench/plugins/fr.ac6.mcu.externaltools.arm-none.win32_1.13.2.201705091103/tools/compiler/bin/../lib/gcc/arm-none-eabi/5.4.1/../../../../arm-none-eabi/lib/armv7e-m/fpu\libc_nano.a(lib_a-memcpy-stub.o)
                0x080051d0                memcpy
 *(.glue_7)
 .glue_7        0x080051e6        0x0 linker stubs
 *(.glue_7t)
 .glue_7t       0x080051e6        0x0 linker stubs
 *(.eh_frame)
 *fill*         0x080051e6        0x2 
 .eh_frame      0x080051e8        0x0 c:/ac6/systemworkbench/plugins/fr.ac6.mcu.externaltools.arm-none.win32_1.13.2.201705091103/tools/compiler/bin/../lib/gcc/arm-none-eabi/5.4.1/armv7e-m/fpu/crtbegin.o
 *(.init)
 .init          0x080051e8        0x4 c:/ac6/systemworkbench/plugins/fr.ac6.mcu.externaltools.arm-none.win32_1.13.2.201705091103/tools/compiler/bin/../lib/gcc/arm-none-eabi/5.4.1/armv7e-m/fpu/crti.o
                0x080051e8                _init
 .init          0x080051ec        0x8 c:/ac6/systemworkbench/plugins/fr.ac6.mcu.externaltools.arm-none.win32_1.13.2.201705091103/tools/compiler/bin/../lib/gcc/arm-none-eabi/5.4.1/armv7e-m/fpu/crtn.o
 *(.fini)
 .fini          0x080051f4        0x4 c:/ac6/systemworkbench/plugins/fr.ac6.mcu.externaltools.arm-none.win32_1.13.2.201705091103/tools/compiler/bin/../lib/gcc/arm-none-eabi/5.4.1/armv7e-m/fpu/crti.o
                0x080051f4                _fini
 .fini          0x080051f8        0x8 c:/ac6/systemworkbench/plugins/fr.ac6.mcu.externaltools.arm-none.win32_1.13.2.201705091103/tools/compiler/bin/../lib/gcc/arm-none-eabi/5.4.1/armv7e-m/fpu/crtn.o
                0x08005200                . = ALIGN (0x4)
                0x08005200                _etext = .

.vfp11_veneer   0x08005200        0x0
 .vfp11_veneer  0x08005200        0x0 linker stubs

.v4_bx          0x08005200        0x0
 .v4_bx         0x08005200        0x0 linker stubs

.iplt           0x08005200        0x0
 .iplt          0x08005200        0x0 c:/ac6/systemworkbench/plugins/fr.ac6.mcu.externaltools.arm-none.win32_1.13.2.201705091103/tools/compiler/bin/../lib/gcc/arm-none-eabi/5.4.1/armv7e-m/fpu/crtbegin.o

.rodata         0x08005200       0x88
                0x08005200                . = ALIGN (0x4)
 *(.rodata)
 .rodata        0x08005200        0x8 Drivers/STM32F4xx_HAL_Driver/Src/stm32f4xx_hal_dma.o
 .rodata        0x08005208       0x18 Src/system_stm32f4xx.o
                0x08005208                AHBPrescTable
                0x08005218                APBPrescTable
 *(.rodata*)
 .rodata.str1.4
                0x08005220       0x11 Src/Bsw/adc.o
 *fill*         0x08005231        0x3 
 .rodata.str1.4
                0x08005234       0x11 Src/Bsw/can.o
 *fill*         0x08005245        0x3 
 .rodata.str1.4
                0x08005248       0x11 Src/Bsw/spi.o
 *fill*         0x08005259        0x3 
 .rodata.str1.4
                0x0800525c        0xe Src/main.o
 *fill*         0x0800526a        0x2 
 .rodata.str1.4
                0x0800526c        0x4 c:/ac6/systemworkbench/plugins/fr.ac6.mcu.externaltools.arm-none.win32_1.13.2.201705091103/tools/compiler/bin/../lib/gcc/arm-none-eabi/5.4.1/../../../../arm-none-eabi/lib/armv7e-m/fpu\libm.a(lib_a-w_pow.o)
 .rodata.str1.4
                0x08005270        0x5 c:/ac6/systemworkbench/plugins/fr.ac6.mcu.externaltools.arm-none.win32_1.13.2.201705091103/tools/compiler/bin/../lib/gcc/arm-none-eabi/5.4.1/../../../../arm-none-eabi/lib/armv7e-m/fpu\libm.a(lib_a-w_sqrt.o)
 .rodata.str1.4
                0x08005275        0x8 c:/ac6/systemworkbench/plugins/fr.ac6.mcu.externaltools.arm-none.win32_1.13.2.201705091103/tools/compiler/bin/../lib/gcc/arm-none-eabi/5.4.1/../../../../arm-none-eabi/lib/armv7e-m/fpu\libm.a(lib_a-e_pow.o)
                                  0x1 (size before relaxing)
 *fill*         0x08005275        0x3 
 .rodata.TWO52  0x08005278       0x10 c:/ac6/systemworkbench/plugins/fr.ac6.mcu.externaltools.arm-none.win32_1.13.2.201705091103/tools/compiler/bin/../lib/gcc/arm-none-eabi/5.4.1/../../../../arm-none-eabi/lib/armv7e-m/fpu\libm.a(lib_a-s_rint.o)
                0x08005288                . = ALIGN (0x4)

.rel.dyn        0x08005288        0x0
 .rel.iplt      0x08005288        0x0 c:/ac6/systemworkbench/plugins/fr.ac6.mcu.externaltools.arm-none.win32_1.13.2.201705091103/tools/compiler/bin/../lib/gcc/arm-none-eabi/5.4.1/armv7e-m/fpu/crtbegin.o

.ARM.extab
 *(.ARM.extab* .gnu.linkonce.armextab.*)

.ARM            0x08005288        0x0
                0x08005288                __exidx_start = .
 *(.ARM.exidx*)
                0x08005288                __exidx_end = .

.preinit_array  0x08005288        0x0
                0x08005288                PROVIDE (__preinit_array_start, .)
 *(.preinit_array*)
                0x08005288                PROVIDE (__preinit_array_end, .)

.init_array     0x08005288        0x4
                0x08005288                PROVIDE (__init_array_start, .)
 *(SORT(.init_array.*))
 *(.init_array*)
 .init_array    0x08005288        0x4 c:/ac6/systemworkbench/plugins/fr.ac6.mcu.externaltools.arm-none.win32_1.13.2.201705091103/tools/compiler/bin/../lib/gcc/arm-none-eabi/5.4.1/armv7e-m/fpu/crtbegin.o
                0x0800528c                PROVIDE (__init_array_end, .)

.fini_array     0x0800528c        0x4
                [!provide]                PROVIDE (__fini_array_start, .)
 *(SORT(.fini_array.*))
 *(.fini_array*)
 .fini_array    0x0800528c        0x4 c:/ac6/systemworkbench/plugins/fr.ac6.mcu.externaltools.arm-none.win32_1.13.2.201705091103/tools/compiler/bin/../lib/gcc/arm-none-eabi/5.4.1/armv7e-m/fpu/crtbegin.o
                [!provide]                PROVIDE (__fini_array_end, .)
                0x08005290                _sidata = LOADADDR (.data)

.data           0x20000000      0x480 load address 0x08005290
                0x20000000                . = ALIGN (0x4)
                0x20000000                _sdata = .
 *(.data)
 .data          0x20000000      0x414 Src/Swc/Sense/Sense.o
                0x20000000                voltageArray
 .data          0x20000414        0x4 Src/system_stm32f4xx.o
                0x20000414                SystemCoreClock
 *(.data*)
 .data.__fdlib_version
                0x20000418        0x1 c:/ac6/systemworkbench/plugins/fr.ac6.mcu.externaltools.arm-none.win32_1.13.2.201705091103/tools/compiler/bin/../lib/gcc/arm-none-eabi/5.4.1/../../../../arm-none-eabi/lib/armv7e-m/fpu\libm.a(lib_a-s_lib_ver.o)
                0x20000418                __fdlib_version
 *fill*         0x20000419        0x3 
 .data.impure_data
                0x2000041c       0x60 c:/ac6/systemworkbench/plugins/fr.ac6.mcu.externaltools.arm-none.win32_1.13.2.201705091103/tools/compiler/bin/../lib/gcc/arm-none-eabi/5.4.1/../../../../arm-none-eabi/lib/armv7e-m/fpu\libc_nano.a(lib_a-impure.o)
 .data._impure_ptr
                0x2000047c        0x4 c:/ac6/systemworkbench/plugins/fr.ac6.mcu.externaltools.arm-none.win32_1.13.2.201705091103/tools/compiler/bin/../lib/gcc/arm-none-eabi/5.4.1/../../../../arm-none-eabi/lib/armv7e-m/fpu\libc_nano.a(lib_a-impure.o)
                0x2000047c                _impure_ptr
                0x20000480                . = ALIGN (0x4)
                0x20000480                _edata = .
                0x08005710                _siccmram = LOADADDR (.ccmram)

.jcr            0x20000480        0x0 load address 0x08005710
 .jcr           0x20000480        0x0 c:/ac6/systemworkbench/plugins/fr.ac6.mcu.externaltools.arm-none.win32_1.13.2.201705091103/tools/compiler/bin/../lib/gcc/arm-none-eabi/5.4.1/armv7e-m/fpu/crtbegin.o

.igot.plt       0x20000480        0x0 load address 0x08005710
 .igot.plt      0x20000480        0x0 c:/ac6/systemworkbench/plugins/fr.ac6.mcu.externaltools.arm-none.win32_1.13.2.201705091103/tools/compiler/bin/../lib/gcc/arm-none-eabi/5.4.1/armv7e-m/fpu/crtbegin.o

.ccmram         0x10000000        0x0 load address 0x08005710
                0x10000000                . = ALIGN (0x4)
                0x10000000                _sccmram = .
 *(.ccmram)
 *(.ccmram*)
                0x10000000                . = ALIGN (0x4)
                0x10000000                _eccmram = .
                0x10000000                . = ALIGN (0x4)

.bss            0x20000480      0x5f0
                0x20000480                _sbss = .
                0x20000480                __bss_start__ = _sbss
 *(.bss)
 .bss           0x20000480       0x1c c:/ac6/systemworkbench/plugins/fr.ac6.mcu.externaltools.arm-none.win32_1.13.2.201705091103/tools/compiler/bin/../lib/gcc/arm-none-eabi/5.4.1/armv7e-m/fpu/crtbegin.o
 *(.bss*)
 *(COMMON)
 COMMON         0x2000049c        0x4 Drivers/STM32F4xx_HAL_Driver/Src/stm32f4xx_hal.o
                0x2000049c                uwTick
 COMMON         0x200004a0       0xa8 Src/Bsw/adc.o
                0x200004a0                hadc1
                0x200004e8                hdma_adc1
 COMMON         0x20000548       0x84 Src/Bsw/can.o
                0x20000548                hcan1
                0x2000058c                TxMessage
                0x200005a8                RxMessage
 COMMON         0x200005cc       0xb8 Src/Bsw/spi.o
                0x200005cc                hspi1
                0x20000624                hdma_spi1_tx
 COMMON         0x20000684       0x3c Src/Bsw/tim.o
                0x20000684                htim1
 COMMON         0x200006c0       0x80 Src/Swc/Display/Display.o
                0x200006c0                ledData
 COMMON         0x20000740      0x302 Src/Swc/Sense/Sense.o
                0x20000740                MeasurementMatrix
                0x20000830                adcValArray
                0x20000838                distanceArray
 *fill*         0x20000a42        0x2 
 COMMON         0x20000a44       0x1c Src/Swc/SigPrep/SigPrep.o
                0x20000a44                StateArray
                0x20000a4c                ID
                0x20000a4e                DATA1
                0x20000a50                c1
                0x20000a54                datarx
 COMMON         0x20000a60       0x10 Src/main.o
                0x20000a60                c2
                0x20000a68                DistanceArraySensors
                0x20000a70                . = ALIGN (0x4)
                0x20000a70                _ebss = .
                0x20000a70                __bss_end__ = _ebss

._user_heap_stack
                0x20000a70      0x600
                0x20000a70                . = ALIGN (0x8)
                [!provide]                PROVIDE (end, .)
                [!provide]                PROVIDE (_end, .)
                0x20000b70                . = (. + _Min_Heap_Size)
 *fill*         0x20000a70      0x100 
                0x20001070                . = (. + _Min_Stack_Size)
 *fill*         0x20000b70      0x500 
                0x20001070                . = ALIGN (0x8)

/DISCARD/
 libc.a(*)
 libm.a(*)
 libgcc.a(*)

.ARM.attributes
                0x00000000       0x30
 *(.ARM.attributes)
 .ARM.attributes
                0x00000000       0x22 c:/ac6/systemworkbench/plugins/fr.ac6.mcu.externaltools.arm-none.win32_1.13.2.201705091103/tools/compiler/bin/../lib/gcc/arm-none-eabi/5.4.1/armv7e-m/fpu/crti.o
 .ARM.attributes
                0x00000022       0x34 c:/ac6/systemworkbench/plugins/fr.ac6.mcu.externaltools.arm-none.win32_1.13.2.201705091103/tools/compiler/bin/../lib/gcc/arm-none-eabi/5.4.1/armv7e-m/fpu/crtbegin.o
 .ARM.attributes
                0x00000056       0x39 Drivers/STM32F4xx_HAL_Driver/Src/stm32f4xx_hal.o
 .ARM.attributes
                0x0000008f       0x39 Drivers/STM32F4xx_HAL_Driver/Src/stm32f4xx_hal_adc.o
 .ARM.attributes
                0x000000c8       0x39 Drivers/STM32F4xx_HAL_Driver/Src/stm32f4xx_hal_can.o
 .ARM.attributes
                0x00000101       0x39 Drivers/STM32F4xx_HAL_Driver/Src/stm32f4xx_hal_cortex.o
 .ARM.attributes
                0x0000013a       0x39 Drivers/STM32F4xx_HAL_Driver/Src/stm32f4xx_hal_dma.o
 .ARM.attributes
                0x00000173       0x39 Drivers/STM32F4xx_HAL_Driver/Src/stm32f4xx_hal_gpio.o
 .ARM.attributes
                0x000001ac       0x39 Drivers/STM32F4xx_HAL_Driver/Src/stm32f4xx_hal_rcc.o
 .ARM.attributes
                0x000001e5       0x39 Drivers/STM32F4xx_HAL_Driver/Src/stm32f4xx_hal_spi.o
 .ARM.attributes
                0x0000021e       0x39 Drivers/STM32F4xx_HAL_Driver/Src/stm32f4xx_hal_tim.o
 .ARM.attributes
                0x00000257       0x39 Drivers/STM32F4xx_HAL_Driver/Src/stm32f4xx_hal_tim_ex.o
 .ARM.attributes
                0x00000290       0x39 Src/Bsw/adc.o
 .ARM.attributes
                0x000002c9       0x39 Src/Bsw/can.o
 .ARM.attributes
                0x00000302       0x39 Src/Bsw/dma.o
 .ARM.attributes
                0x0000033b       0x39 Src/Bsw/gpio.o
 .ARM.attributes
                0x00000374       0x39 Src/Bsw/spi.o
 .ARM.attributes
                0x000003ad       0x39 Src/Bsw/tim.o
 .ARM.attributes
                0x000003e6       0x39 Src/Swc/Display/Display.o
 .ARM.attributes
                0x0000041f       0x39 Src/Swc/Sense/Sense.o
 .ARM.attributes
                0x00000458       0x39 Src/Swc/SigPrep/SigPrep.o
 .ARM.attributes
                0x00000491       0x39 Src/main.o
 .ARM.attributes
                0x000004ca       0x39 Src/stm32f4xx_hal_msp.o
 .ARM.attributes
                0x00000503       0x39 Src/stm32f4xx_it.o
 .ARM.attributes
                0x0000053c       0x39 Src/system_stm32f4xx.o
 .ARM.attributes
                0x00000575       0x21 startup/startup_stm32f407xx.o
 .ARM.attributes
                0x00000596       0x34 c:/ac6/systemworkbench/plugins/fr.ac6.mcu.externaltools.arm-none.win32_1.13.2.201705091103/tools/compiler/bin/../lib/gcc/arm-none-eabi/5.4.1/../../../../arm-none-eabi/lib/armv7e-m/fpu\libm.a(lib_a-w_pow.o)
 .ARM.attributes
                0x000005ca       0x34 c:/ac6/systemworkbench/plugins/fr.ac6.mcu.externaltools.arm-none.win32_1.13.2.201705091103/tools/compiler/bin/../lib/gcc/arm-none-eabi/5.4.1/../../../../arm-none-eabi/lib/armv7e-m/fpu\libm.a(lib_a-w_sqrt.o)
 .ARM.attributes
                0x000005fe       0x34 c:/ac6/systemworkbench/plugins/fr.ac6.mcu.externaltools.arm-none.win32_1.13.2.201705091103/tools/compiler/bin/../lib/gcc/arm-none-eabi/5.4.1/../../../../arm-none-eabi/lib/armv7e-m/fpu\libm.a(lib_a-e_pow.o)
 .ARM.attributes
                0x00000632       0x34 c:/ac6/systemworkbench/plugins/fr.ac6.mcu.externaltools.arm-none.win32_1.13.2.201705091103/tools/compiler/bin/../lib/gcc/arm-none-eabi/5.4.1/../../../../arm-none-eabi/lib/armv7e-m/fpu\libm.a(lib_a-e_sqrt.o)
 .ARM.attributes
                0x00000666       0x34 c:/ac6/systemworkbench/plugins/fr.ac6.mcu.externaltools.arm-none.win32_1.13.2.201705091103/tools/compiler/bin/../lib/gcc/arm-none-eabi/5.4.1/../../../../arm-none-eabi/lib/armv7e-m/fpu\libm.a(lib_a-s_fabs.o)
 .ARM.attributes
                0x0000069a       0x34 c:/ac6/systemworkbench/plugins/fr.ac6.mcu.externaltools.arm-none.win32_1.13.2.201705091103/tools/compiler/bin/../lib/gcc/arm-none-eabi/5.4.1/../../../../arm-none-eabi/lib/armv7e-m/fpu\libm.a(lib_a-s_finite.o)
 .ARM.attributes
                0x000006ce       0x34 c:/ac6/systemworkbench/plugins/fr.ac6.mcu.externaltools.arm-none.win32_1.13.2.201705091103/tools/compiler/bin/../lib/gcc/arm-none-eabi/5.4.1/../../../../arm-none-eabi/lib/armv7e-m/fpu\libm.a(lib_a-s_lib_ver.o)
 .ARM.attributes
                0x00000702       0x34 c:/ac6/systemworkbench/plugins/fr.ac6.mcu.externaltools.arm-none.win32_1.13.2.201705091103/tools/compiler/bin/../lib/gcc/arm-none-eabi/5.4.1/../../../../arm-none-eabi/lib/armv7e-m/fpu\libm.a(lib_a-s_matherr.o)
 .ARM.attributes
                0x00000736       0x34 c:/ac6/systemworkbench/plugins/fr.ac6.mcu.externaltools.arm-none.win32_1.13.2.201705091103/tools/compiler/bin/../lib/gcc/arm-none-eabi/5.4.1/../../../../arm-none-eabi/lib/armv7e-m/fpu\libm.a(lib_a-s_nan.o)
 .ARM.attributes
                0x0000076a       0x34 c:/ac6/systemworkbench/plugins/fr.ac6.mcu.externaltools.arm-none.win32_1.13.2.201705091103/tools/compiler/bin/../lib/gcc/arm-none-eabi/5.4.1/../../../../arm-none-eabi/lib/armv7e-m/fpu\libm.a(lib_a-s_rint.o)
 .ARM.attributes
                0x0000079e       0x34 c:/ac6/systemworkbench/plugins/fr.ac6.mcu.externaltools.arm-none.win32_1.13.2.201705091103/tools/compiler/bin/../lib/gcc/arm-none-eabi/5.4.1/../../../../arm-none-eabi/lib/armv7e-m/fpu\libm.a(lib_a-s_scalbn.o)
 .ARM.attributes
                0x000007d2       0x34 c:/ac6/systemworkbench/plugins/fr.ac6.mcu.externaltools.arm-none.win32_1.13.2.201705091103/tools/compiler/bin/../lib/gcc/arm-none-eabi/5.4.1/../../../../arm-none-eabi/lib/armv7e-m/fpu\libm.a(lib_a-s_copysign.o)
 .ARM.attributes
                0x00000806       0x22 c:/ac6/systemworkbench/plugins/fr.ac6.mcu.externaltools.arm-none.win32_1.13.2.201705091103/tools/compiler/bin/../lib/gcc/arm-none-eabi/5.4.1/armv7e-m/fpu\libgcc.a(_arm_addsubdf3.o)
 .ARM.attributes
                0x00000828       0x22 c:/ac6/systemworkbench/plugins/fr.ac6.mcu.externaltools.arm-none.win32_1.13.2.201705091103/tools/compiler/bin/../lib/gcc/arm-none-eabi/5.4.1/armv7e-m/fpu\libgcc.a(_arm_muldivdf3.o)
 .ARM.attributes
                0x0000084a       0x22 c:/ac6/systemworkbench/plugins/fr.ac6.mcu.externaltools.arm-none.win32_1.13.2.201705091103/tools/compiler/bin/../lib/gcc/arm-none-eabi/5.4.1/armv7e-m/fpu\libgcc.a(_arm_cmpdf2.o)
 .ARM.attributes
                0x0000086c       0x22 c:/ac6/systemworkbench/plugins/fr.ac6.mcu.externaltools.arm-none.win32_1.13.2.201705091103/tools/compiler/bin/../lib/gcc/arm-none-eabi/5.4.1/armv7e-m/fpu\libgcc.a(_arm_unorddf2.o)
 .ARM.attributes
                0x0000088e       0x22 c:/ac6/systemworkbench/plugins/fr.ac6.mcu.externaltools.arm-none.win32_1.13.2.201705091103/tools/compiler/bin/../lib/gcc/arm-none-eabi/5.4.1/armv7e-m/fpu\libgcc.a(_arm_fixunsdfsi.o)
 .ARM.attributes
                0x000008b0       0x22 c:/ac6/systemworkbench/plugins/fr.ac6.mcu.externaltools.arm-none.win32_1.13.2.201705091103/tools/compiler/bin/../lib/gcc/arm-none-eabi/5.4.1/armv7e-m/fpu\libgcc.a(_arm_truncdfsf2.o)
 .ARM.attributes
                0x000008d2       0x34 c:/ac6/systemworkbench/plugins/fr.ac6.mcu.externaltools.arm-none.win32_1.13.2.201705091103/tools/compiler/bin/../lib/gcc/arm-none-eabi/5.4.1/../../../../arm-none-eabi/lib/armv7e-m/fpu\libc_nano.a(lib_a-errno.o)
 .ARM.attributes
                0x00000906       0x34 c:/ac6/systemworkbench/plugins/fr.ac6.mcu.externaltools.arm-none.win32_1.13.2.201705091103/tools/compiler/bin/../lib/gcc/arm-none-eabi/5.4.1/../../../../arm-none-eabi/lib/armv7e-m/fpu\libc_nano.a(lib_a-impure.o)
 .ARM.attributes
                0x0000093a       0x34 c:/ac6/systemworkbench/plugins/fr.ac6.mcu.externaltools.arm-none.win32_1.13.2.201705091103/tools/compiler/bin/../lib/gcc/arm-none-eabi/5.4.1/../../../../arm-none-eabi/lib/armv7e-m/fpu\libc_nano.a(lib_a-init.o)
 .ARM.attributes
                0x0000096e       0x34 c:/ac6/systemworkbench/plugins/fr.ac6.mcu.externaltools.arm-none.win32_1.13.2.201705091103/tools/compiler/bin/../lib/gcc/arm-none-eabi/5.4.1/../../../../arm-none-eabi/lib/armv7e-m/fpu\libc_nano.a(lib_a-memcpy-stub.o)
 .ARM.attributes
                0x000009a2       0x22 c:/ac6/systemworkbench/plugins/fr.ac6.mcu.externaltools.arm-none.win32_1.13.2.201705091103/tools/compiler/bin/../lib/gcc/arm-none-eabi/5.4.1/armv7e-m/fpu/crtn.o
OUTPUT(Tunneling_simulator.elf elf32-littlearm)

.debug_info     0x00000000    0x13d3a
 .debug_info    0x00000000      0x928 Drivers/STM32F4xx_HAL_Driver/Src/stm32f4xx_hal.o
 .debug_info    0x00000928      0xdd8 Drivers/STM32F4xx_HAL_Driver/Src/stm32f4xx_hal_adc.o
 .debug_info    0x00001700      0xc36 Drivers/STM32F4xx_HAL_Driver/Src/stm32f4xx_hal_can.o
 .debug_info    0x00002336      0xf0d Drivers/STM32F4xx_HAL_Driver/Src/stm32f4xx_hal_cortex.o
 .debug_info    0x00003243      0xa62 Drivers/STM32F4xx_HAL_Driver/Src/stm32f4xx_hal_dma.o
 .debug_info    0x00003ca5      0x72a Drivers/STM32F4xx_HAL_Driver/Src/stm32f4xx_hal_gpio.o
 .debug_info    0x000043cf      0xce5 Drivers/STM32F4xx_HAL_Driver/Src/stm32f4xx_hal_rcc.o
 .debug_info    0x000050b4     0x19ea Drivers/STM32F4xx_HAL_Driver/Src/stm32f4xx_hal_spi.o
 .debug_info    0x00006a9e     0x2e14 Drivers/STM32F4xx_HAL_Driver/Src/stm32f4xx_hal_tim.o
 .debug_info    0x000098b2     0x12a5 Drivers/STM32F4xx_HAL_Driver/Src/stm32f4xx_hal_tim_ex.o
 .debug_info    0x0000ab57      0xb33 Src/Bsw/adc.o
 .debug_info    0x0000b68a      0xaf7 Src/Bsw/can.o
 .debug_info    0x0000c181      0x543 Src/Bsw/dma.o
 .debug_info    0x0000c6c4      0x598 Src/Bsw/gpio.o
 .debug_info    0x0000cc5c      0xc85 Src/Bsw/spi.o
 .debug_info    0x0000d8e1      0xd7d Src/Bsw/tim.o
 .debug_info    0x0000e65e     0x12e3 Src/Swc/Display/Display.o
 .debug_info    0x0000f941      0xb63 Src/Swc/Sense/Sense.o
 .debug_info    0x000104a4      0xcb1 Src/Swc/SigPrep/SigPrep.o
 .debug_info    0x00011155     0x18e2 Src/main.o
 .debug_info    0x00012a37      0x3de Src/stm32f4xx_hal_msp.o
 .debug_info    0x00012e15      0x997 Src/stm32f4xx_it.o
 .debug_info    0x000137ac      0x500 Src/system_stm32f4xx.o
 .debug_info    0x00013cac       0x8e startup/startup_stm32f407xx.o

.debug_abbrev   0x00000000     0x2df7
 .debug_abbrev  0x00000000      0x25c Drivers/STM32F4xx_HAL_Driver/Src/stm32f4xx_hal.o
 .debug_abbrev  0x0000025c      0x27c Drivers/STM32F4xx_HAL_Driver/Src/stm32f4xx_hal_adc.o
 .debug_abbrev  0x000004d8      0x222 Drivers/STM32F4xx_HAL_Driver/Src/stm32f4xx_hal_can.o
 .debug_abbrev  0x000006fa      0x2fe Drivers/STM32F4xx_HAL_Driver/Src/stm32f4xx_hal_cortex.o
 .debug_abbrev  0x000009f8      0x28e Drivers/STM32F4xx_HAL_Driver/Src/stm32f4xx_hal_dma.o
 .debug_abbrev  0x00000c86      0x1cd Drivers/STM32F4xx_HAL_Driver/Src/stm32f4xx_hal_gpio.o
 .debug_abbrev  0x00000e53      0x2b0 Drivers/STM32F4xx_HAL_Driver/Src/stm32f4xx_hal_rcc.o
 .debug_abbrev  0x00001103      0x23d Drivers/STM32F4xx_HAL_Driver/Src/stm32f4xx_hal_spi.o
 .debug_abbrev  0x00001340      0x21b Drivers/STM32F4xx_HAL_Driver/Src/stm32f4xx_hal_tim.o
 .debug_abbrev  0x0000155b      0x21b Drivers/STM32F4xx_HAL_Driver/Src/stm32f4xx_hal_tim_ex.o
 .debug_abbrev  0x00001776      0x1b3 Src/Bsw/adc.o
 .debug_abbrev  0x00001929      0x1ad Src/Bsw/can.o
 .debug_abbrev  0x00001ad6      0x126 Src/Bsw/dma.o
 .debug_abbrev  0x00001bfc      0x148 Src/Bsw/gpio.o
 .debug_abbrev  0x00001d44      0x1bc Src/Bsw/spi.o
 .debug_abbrev  0x00001f00      0x1b1 Src/Bsw/tim.o
 .debug_abbrev  0x000020b1      0x2b0 Src/Swc/Display/Display.o
 .debug_abbrev  0x00002361      0x287 Src/Swc/Sense/Sense.o
 .debug_abbrev  0x000025e8      0x1fe Src/Swc/SigPrep/SigPrep.o
 .debug_abbrev  0x000027e6      0x291 Src/main.o
 .debug_abbrev  0x00002a77       0xc2 Src/stm32f4xx_hal_msp.o
 .debug_abbrev  0x00002b39      0x1a8 Src/stm32f4xx_it.o
 .debug_abbrev  0x00002ce1      0x104 Src/system_stm32f4xx.o
 .debug_abbrev  0x00002de5       0x12 startup/startup_stm32f407xx.o

.debug_loc      0x00000000     0x930e
 .debug_loc     0x00000000       0x91 Drivers/STM32F4xx_HAL_Driver/Src/stm32f4xx_hal.o
 .debug_loc     0x00000091      0x87e Drivers/STM32F4xx_HAL_Driver/Src/stm32f4xx_hal_adc.o
 .debug_loc     0x0000090f      0xb02 Drivers/STM32F4xx_HAL_Driver/Src/stm32f4xx_hal_can.o
 .debug_loc     0x00001411      0x548 Drivers/STM32F4xx_HAL_Driver/Src/stm32f4xx_hal_cortex.o
 .debug_loc     0x00001959      0xa0b Drivers/STM32F4xx_HAL_Driver/Src/stm32f4xx_hal_dma.o
 .debug_loc     0x00002364      0x38f Drivers/STM32F4xx_HAL_Driver/Src/stm32f4xx_hal_gpio.o
 .debug_loc     0x000026f3      0x622 Drivers/STM32F4xx_HAL_Driver/Src/stm32f4xx_hal_rcc.o
 .debug_loc     0x00002d15     0x17a8 Drivers/STM32F4xx_HAL_Driver/Src/stm32f4xx_hal_spi.o
 .debug_loc     0x000044bd     0x3278 Drivers/STM32F4xx_HAL_Driver/Src/stm32f4xx_hal_tim.o
 .debug_loc     0x00007735      0xd74 Drivers/STM32F4xx_HAL_Driver/Src/stm32f4xx_hal_tim_ex.o
 .debug_loc     0x000084a9       0x52 Src/Bsw/adc.o
 .debug_loc     0x000084fb       0x4d Src/Bsw/can.o
 .debug_loc     0x00008548       0x52 Src/Bsw/spi.o
 .debug_loc     0x0000859a       0x4d Src/Bsw/tim.o
 .debug_loc     0x000085e7      0x5c7 Src/Swc/Display/Display.o
 .debug_loc     0x00008bae      0x603 Src/Swc/Sense/Sense.o
 .debug_loc     0x000091b1       0x2b Src/Swc/SigPrep/SigPrep.o
 .debug_loc     0x000091dc      0x132 Src/system_stm32f4xx.o

.debug_aranges  0x00000000      0xe80
 .debug_aranges
                0x00000000       0xc8 Drivers/STM32F4xx_HAL_Driver/Src/stm32f4xx_hal.o
 .debug_aranges
                0x000000c8       0xe8 Drivers/STM32F4xx_HAL_Driver/Src/stm32f4xx_hal_adc.o
 .debug_aranges
                0x000001b0       0xb0 Drivers/STM32F4xx_HAL_Driver/Src/stm32f4xx_hal_can.o
 .debug_aranges
                0x00000260       0xa8 Drivers/STM32F4xx_HAL_Driver/Src/stm32f4xx_hal_cortex.o
 .debug_aranges
                0x00000308       0x90 Drivers/STM32F4xx_HAL_Driver/Src/stm32f4xx_hal_dma.o
 .debug_aranges
                0x00000398       0x58 Drivers/STM32F4xx_HAL_Driver/Src/stm32f4xx_hal_gpio.o
 .debug_aranges
                0x000003f0       0x88 Drivers/STM32F4xx_HAL_Driver/Src/stm32f4xx_hal_rcc.o
 .debug_aranges
                0x00000478      0x1c8 Drivers/STM32F4xx_HAL_Driver/Src/stm32f4xx_hal_spi.o
 .debug_aranges
                0x00000640      0x368 Drivers/STM32F4xx_HAL_Driver/Src/stm32f4xx_hal_tim.o
 .debug_aranges
                0x000009a8      0x140 Drivers/STM32F4xx_HAL_Driver/Src/stm32f4xx_hal_tim_ex.o
 .debug_aranges
                0x00000ae8       0x30 Src/Bsw/adc.o
 .debug_aranges
                0x00000b18       0x30 Src/Bsw/can.o
 .debug_aranges
                0x00000b48       0x20 Src/Bsw/dma.o
 .debug_aranges
                0x00000b68       0x20 Src/Bsw/gpio.o
 .debug_aranges
                0x00000b88       0x30 Src/Bsw/spi.o
 .debug_aranges
                0x00000bb8       0x30 Src/Bsw/tim.o
 .debug_aranges
                0x00000be8       0xa8 Src/Swc/Display/Display.o
 .debug_aranges
                0x00000c90       0x98 Src/Swc/Sense/Sense.o
 .debug_aranges
                0x00000d28       0x38 Src/Swc/SigPrep/SigPrep.o
 .debug_aranges
                0x00000d60       0x30 Src/main.o
 .debug_aranges
                0x00000d90       0x20 Src/stm32f4xx_hal_msp.o
 .debug_aranges
                0x00000db0       0x80 Src/stm32f4xx_it.o
 .debug_aranges
                0x00000e30       0x28 Src/system_stm32f4xx.o
 .debug_aranges
                0x00000e58       0x28 startup/startup_stm32f407xx.o

.debug_ranges   0x00000000      0xd70
 .debug_ranges  0x00000000       0xb8 Drivers/STM32F4xx_HAL_Driver/Src/stm32f4xx_hal.o
 .debug_ranges  0x000000b8       0xd8 Drivers/STM32F4xx_HAL_Driver/Src/stm32f4xx_hal_adc.o
 .debug_ranges  0x00000190       0xa0 Drivers/STM32F4xx_HAL_Driver/Src/stm32f4xx_hal_can.o
 .debug_ranges  0x00000230       0x98 Drivers/STM32F4xx_HAL_Driver/Src/stm32f4xx_hal_cortex.o
 .debug_ranges  0x000002c8       0x80 Drivers/STM32F4xx_HAL_Driver/Src/stm32f4xx_hal_dma.o
 .debug_ranges  0x00000348       0x48 Drivers/STM32F4xx_HAL_Driver/Src/stm32f4xx_hal_gpio.o
 .debug_ranges  0x00000390       0x78 Drivers/STM32F4xx_HAL_Driver/Src/stm32f4xx_hal_rcc.o
 .debug_ranges  0x00000408      0x1b8 Drivers/STM32F4xx_HAL_Driver/Src/stm32f4xx_hal_spi.o
 .debug_ranges  0x000005c0      0x358 Drivers/STM32F4xx_HAL_Driver/Src/stm32f4xx_hal_tim.o
 .debug_ranges  0x00000918      0x130 Drivers/STM32F4xx_HAL_Driver/Src/stm32f4xx_hal_tim_ex.o
 .debug_ranges  0x00000a48       0x20 Src/Bsw/adc.o
 .debug_ranges  0x00000a68       0x20 Src/Bsw/can.o
 .debug_ranges  0x00000a88       0x10 Src/Bsw/dma.o
 .debug_ranges  0x00000a98       0x10 Src/Bsw/gpio.o
 .debug_ranges  0x00000aa8       0x20 Src/Bsw/spi.o
 .debug_ranges  0x00000ac8       0x20 Src/Bsw/tim.o
 .debug_ranges  0x00000ae8       0xc8 Src/Swc/Display/Display.o
 .debug_ranges  0x00000bb0       0xc0 Src/Swc/Sense/Sense.o
 .debug_ranges  0x00000c70       0x28 Src/Swc/SigPrep/SigPrep.o
 .debug_ranges  0x00000c98       0x20 Src/main.o
 .debug_ranges  0x00000cb8       0x10 Src/stm32f4xx_hal_msp.o
 .debug_ranges  0x00000cc8       0x70 Src/stm32f4xx_it.o
 .debug_ranges  0x00000d38       0x18 Src/system_stm32f4xx.o
 .debug_ranges  0x00000d50       0x20 startup/startup_stm32f407xx.o

.debug_macro    0x00000000    0x24355
 .debug_macro   0x00000000      0x391 Drivers/STM32F4xx_HAL_Driver/Src/stm32f4xx_hal.o
 .debug_macro   0x00000391      0x898 Drivers/STM32F4xx_HAL_Driver/Src/stm32f4xx_hal.o
 .debug_macro   0x00000c29       0x40 Drivers/STM32F4xx_HAL_Driver/Src/stm32f4xx_hal.o
 .debug_macro   0x00000c69      0x18c Drivers/STM32F4xx_HAL_Driver/Src/stm32f4xx_hal.o
 .debug_macro   0x00000df5       0x33 Drivers/STM32F4xx_HAL_Driver/Src/stm32f4xx_hal.o
 .debug_macro   0x00000e28       0x28 Drivers/STM32F4xx_HAL_Driver/Src/stm32f4xx_hal.o
 .debug_macro   0x00000e50       0x22 Drivers/STM32F4xx_HAL_Driver/Src/stm32f4xx_hal.o
 .debug_macro   0x00000e72       0x87 Drivers/STM32F4xx_HAL_Driver/Src/stm32f4xx_hal.o
 .debug_macro   0x00000ef9       0x44 Drivers/STM32F4xx_HAL_Driver/Src/stm32f4xx_hal.o
 .debug_macro   0x00000f3d       0xfd Drivers/STM32F4xx_HAL_Driver/Src/stm32f4xx_hal.o
 .debug_macro   0x0000103a       0x5e Drivers/STM32F4xx_HAL_Driver/Src/stm32f4xx_hal.o
 .debug_macro   0x00001098      0x1df Drivers/STM32F4xx_HAL_Driver/Src/stm32f4xx_hal.o
 .debug_macro   0x00001277       0x35 Drivers/STM32F4xx_HAL_Driver/Src/stm32f4xx_hal.o
 .debug_macro   0x000012ac       0x50 Drivers/STM32F4xx_HAL_Driver/Src/stm32f4xx_hal.o
 .debug_macro   0x000012fc      0xe66 Drivers/STM32F4xx_HAL_Driver/Src/stm32f4xx_hal.o
 .debug_macro   0x00002162    0x15e04 Drivers/STM32F4xx_HAL_Driver/Src/stm32f4xx_hal.o
 .debug_macro   0x00017f66       0x43 Drivers/STM32F4xx_HAL_Driver/Src/stm32f4xx_hal.o
 .debug_macro   0x00017fa9     0x3574 Drivers/STM32F4xx_HAL_Driver/Src/stm32f4xx_hal.o
 .debug_macro   0x0001b51d       0x52 Drivers/STM32F4xx_HAL_Driver/Src/stm32f4xx_hal.o
 .debug_macro   0x0001b56f       0x35 Drivers/STM32F4xx_HAL_Driver/Src/stm32f4xx_hal.o
 .debug_macro   0x0001b5a4       0x9c Drivers/STM32F4xx_HAL_Driver/Src/stm32f4xx_hal.o
 .debug_macro   0x0001b640       0x16 Drivers/STM32F4xx_HAL_Driver/Src/stm32f4xx_hal.o
 .debug_macro   0x0001b656       0x97 Drivers/STM32F4xx_HAL_Driver/Src/stm32f4xx_hal.o
 .debug_macro   0x0001b6ed      0x30d Drivers/STM32F4xx_HAL_Driver/Src/stm32f4xx_hal.o
 .debug_macro   0x0001b9fa       0xfd Drivers/STM32F4xx_HAL_Driver/Src/stm32f4xx_hal.o
 .debug_macro   0x0001baf7       0x10 Drivers/STM32F4xx_HAL_Driver/Src/stm32f4xx_hal.o
 .debug_macro   0x0001bb07       0x52 Drivers/STM32F4xx_HAL_Driver/Src/stm32f4xx_hal.o
 .debug_macro   0x0001bb59       0x1f Drivers/STM32F4xx_HAL_Driver/Src/stm32f4xx_hal.o
 .debug_macro   0x0001bb78       0x43 Drivers/STM32F4xx_HAL_Driver/Src/stm32f4xx_hal.o
 .debug_macro   0x0001bbbb       0x20 Drivers/STM32F4xx_HAL_Driver/Src/stm32f4xx_hal.o
 .debug_macro   0x0001bbdb      0x187 Drivers/STM32F4xx_HAL_Driver/Src/stm32f4xx_hal.o
 .debug_macro   0x0001bd62       0x10 Drivers/STM32F4xx_HAL_Driver/Src/stm32f4xx_hal.o
 .debug_macro   0x0001bd72       0x1c Drivers/STM32F4xx_HAL_Driver/Src/stm32f4xx_hal.o
 .debug_macro   0x0001bd8e       0x52 Drivers/STM32F4xx_HAL_Driver/Src/stm32f4xx_hal.o
 .debug_macro   0x0001bde0       0x40 Drivers/STM32F4xx_HAL_Driver/Src/stm32f4xx_hal.o
 .debug_macro   0x0001be20       0x10 Drivers/STM32F4xx_HAL_Driver/Src/stm32f4xx_hal.o
 .debug_macro   0x0001be30       0x40 Drivers/STM32F4xx_HAL_Driver/Src/stm32f4xx_hal.o
 .debug_macro   0x0001be70       0xd7 Drivers/STM32F4xx_HAL_Driver/Src/stm32f4xx_hal.o
 .debug_macro   0x0001bf47       0x16 Drivers/STM32F4xx_HAL_Driver/Src/stm32f4xx_hal.o
 .debug_macro   0x0001bf5d      0x18b Drivers/STM32F4xx_HAL_Driver/Src/stm32f4xx_hal.o
 .debug_macro   0x0001c0e8       0x50 Drivers/STM32F4xx_HAL_Driver/Src/stm32f4xx_hal.o
 .debug_macro   0x0001c138      0x96b Drivers/STM32F4xx_HAL_Driver/Src/stm32f4xx_hal.o
 .debug_macro   0x0001caa3      0x9e1 Drivers/STM32F4xx_HAL_Driver/Src/stm32f4xx_hal.o
 .debug_macro   0x0001d484      0x11e Drivers/STM32F4xx_HAL_Driver/Src/stm32f4xx_hal.o
 .debug_macro   0x0001d5a2      0x13e Drivers/STM32F4xx_HAL_Driver/Src/stm32f4xx_hal.o
 .debug_macro   0x0001d6e0       0x27 Drivers/STM32F4xx_HAL_Driver/Src/stm32f4xx_hal.o
 .debug_macro   0x0001d707      0x287 Drivers/STM32F4xx_HAL_Driver/Src/stm32f4xx_hal.o
 .debug_macro   0x0001d98e       0x5f Drivers/STM32F4xx_HAL_Driver/Src/stm32f4xx_hal.o
 .debug_macro   0x0001d9ed      0x23a Drivers/STM32F4xx_HAL_Driver/Src/stm32f4xx_hal.o
 .debug_macro   0x0001dc27      0x391 Drivers/STM32F4xx_HAL_Driver/Src/stm32f4xx_hal.o
 .debug_macro   0x0001dfb8      0x176 Drivers/STM32F4xx_HAL_Driver/Src/stm32f4xx_hal.o
 .debug_macro   0x0001e12e       0xf9 Drivers/STM32F4xx_HAL_Driver/Src/stm32f4xx_hal.o
 .debug_macro   0x0001e227      0x383 Drivers/STM32F4xx_HAL_Driver/Src/stm32f4xx_hal.o
 .debug_macro   0x0001e5aa      0x133 Drivers/STM32F4xx_HAL_Driver/Src/stm32f4xx_hal.o
 .debug_macro   0x0001e6dd      0x21e Drivers/STM32F4xx_HAL_Driver/Src/stm32f4xx_hal.o
 .debug_macro   0x0001e8fb       0x2e Drivers/STM32F4xx_HAL_Driver/Src/stm32f4xx_hal.o
 .debug_macro   0x0001e929      0x11e Drivers/STM32F4xx_HAL_Driver/Src/stm32f4xx_hal.o
 .debug_macro   0x0001ea47       0x7f Drivers/STM32F4xx_HAL_Driver/Src/stm32f4xx_hal.o
 .debug_macro   0x0001eac6       0x89 Drivers/STM32F4xx_HAL_Driver/Src/stm32f4xx_hal.o
 .debug_macro   0x0001eb4f      0x202 Drivers/STM32F4xx_HAL_Driver/Src/stm32f4xx_hal.o
 .debug_macro   0x0001ed51      0x6e0 Drivers/STM32F4xx_HAL_Driver/Src/stm32f4xx_hal.o
 .debug_macro   0x0001f431       0x5b Drivers/STM32F4xx_HAL_Driver/Src/stm32f4xx_hal.o
 .debug_macro   0x0001f48c      0x14d Drivers/STM32F4xx_HAL_Driver/Src/stm32f4xx_hal.o
 .debug_macro   0x0001f5d9      0x125 Drivers/STM32F4xx_HAL_Driver/Src/stm32f4xx_hal.o
 .debug_macro   0x0001f6fe      0x332 Drivers/STM32F4xx_HAL_Driver/Src/stm32f4xx_hal_adc.o
 .debug_macro   0x0001fa30      0x338 Drivers/STM32F4xx_HAL_Driver/Src/stm32f4xx_hal_can.o
 .debug_macro   0x0001fd68      0x331 Drivers/STM32F4xx_HAL_Driver/Src/stm32f4xx_hal_cortex.o
 .debug_macro   0x00020099      0x338 Drivers/STM32F4xx_HAL_Driver/Src/stm32f4xx_hal_dma.o
 .debug_macro   0x000203d1      0x369 Drivers/STM32F4xx_HAL_Driver/Src/stm32f4xx_hal_gpio.o
 .debug_macro   0x0002073a      0x35b Drivers/STM32F4xx_HAL_Driver/Src/stm32f4xx_hal_rcc.o
 .debug_macro   0x00020a95      0x339 Drivers/STM32F4xx_HAL_Driver/Src/stm32f4xx_hal_spi.o
 .debug_macro   0x00020dce      0x332 Drivers/STM32F4xx_HAL_Driver/Src/stm32f4xx_hal_tim.o
 .debug_macro   0x00021100      0x331 Drivers/STM32F4xx_HAL_Driver/Src/stm32f4xx_hal_tim_ex.o
 .debug_macro   0x00021431      0x34e Src/Bsw/adc.o
 .debug_macro   0x0002177f       0x22 Src/Bsw/adc.o
 .debug_macro   0x000217a1      0x343 Src/Bsw/can.o
 .debug_macro   0x00021ae4       0x10 Src/Bsw/can.o
 .debug_macro   0x00021af4      0x33b Src/Bsw/dma.o
 .debug_macro   0x00021e2f      0x340 Src/Bsw/gpio.o
 .debug_macro   0x0002216f       0x1c Src/Bsw/gpio.o
 .debug_macro   0x0002218b      0x34e Src/Bsw/spi.o
 .debug_macro   0x000224d9      0x33b Src/Bsw/tim.o
 .debug_macro   0x00022814      0x351 Src/Swc/Display/Display.o
 .debug_macro   0x00022b65       0x58 Src/Swc/Display/Display.o
 .debug_macro   0x00022bbd      0x1e1 Src/Swc/Display/Display.o
 .debug_macro   0x00022d9e      0x385 Src/Swc/Sense/Sense.o
 .debug_macro   0x00023123       0x52 Src/Swc/Sense/Sense.o
 .debug_macro   0x00023175       0x16 Src/Swc/Sense/Sense.o
 .debug_macro   0x0002318b       0x35 Src/Swc/Sense/Sense.o
 .debug_macro   0x000231c0       0x16 Src/Swc/Sense/Sense.o
 .debug_macro   0x000231d6       0x29 Src/Swc/Sense/Sense.o
 .debug_macro   0x000231ff      0x372 Src/Swc/SigPrep/SigPrep.o
 .debug_macro   0x00023571       0x3a Src/Swc/SigPrep/SigPrep.o
 .debug_macro   0x000235ab      0x381 Src/main.o
 .debug_macro   0x0002392c       0x4c Src/main.o
 .debug_macro   0x00023978       0x3a Src/main.o
 .debug_macro   0x000239b2      0x331 Src/stm32f4xx_hal_msp.o
 .debug_macro   0x00023ce3      0x33b Src/stm32f4xx_it.o
 .debug_macro   0x0002401e      0x337 Src/system_stm32f4xx.o

.debug_line     0x00000000     0xfdef
 .debug_line    0x00000000      0xa12 Drivers/STM32F4xx_HAL_Driver/Src/stm32f4xx_hal.o
 .debug_line    0x00000a12      0xcae Drivers/STM32F4xx_HAL_Driver/Src/stm32f4xx_hal_adc.o
 .debug_line    0x000016c0      0xd8d Drivers/STM32F4xx_HAL_Driver/Src/stm32f4xx_hal_can.o
 .debug_line    0x0000244d      0xa6f Drivers/STM32F4xx_HAL_Driver/Src/stm32f4xx_hal_cortex.o
 .debug_line    0x00002ebc      0xb72 Drivers/STM32F4xx_HAL_Driver/Src/stm32f4xx_hal_dma.o
 .debug_line    0x00003a2e      0x9e9 Drivers/STM32F4xx_HAL_Driver/Src/stm32f4xx_hal_gpio.o
 .debug_line    0x00004417      0xb8f Drivers/STM32F4xx_HAL_Driver/Src/stm32f4xx_hal_rcc.o
 .debug_line    0x00004fa6     0x11dd Drivers/STM32F4xx_HAL_Driver/Src/stm32f4xx_hal_spi.o
 .debug_line    0x00006183     0x185a Drivers/STM32F4xx_HAL_Driver/Src/stm32f4xx_hal_tim.o
 .debug_line    0x000079dd      0xe09 Drivers/STM32F4xx_HAL_Driver/Src/stm32f4xx_hal_tim_ex.o
 .debug_line    0x000087e6      0x8d3 Src/Bsw/adc.o
 .debug_line    0x000090b9      0x8b6 Src/Bsw/can.o
 .debug_line    0x0000996f      0x865 Src/Bsw/dma.o
 .debug_line    0x0000a1d4      0x893 Src/Bsw/gpio.o
 .debug_line    0x0000aa67      0x8c4 Src/Bsw/spi.o
 .debug_line    0x0000b32b      0x8ac Src/Bsw/tim.o
 .debug_line    0x0000bbd7      0xa91 Src/Swc/Display/Display.o
 .debug_line    0x0000c668      0xaab Src/Swc/Sense/Sense.o
 .debug_line    0x0000d113      0x930 Src/Swc/SigPrep/SigPrep.o
 .debug_line    0x0000da43      0x906 Src/main.o
 .debug_line    0x0000e349      0x868 Src/stm32f4xx_hal_msp.o
 .debug_line    0x0000ebb1      0x934 Src/stm32f4xx_it.o
 .debug_line    0x0000f4e5      0x88b Src/system_stm32f4xx.o
 .debug_line    0x0000fd70       0x7f startup/startup_stm32f407xx.o

.debug_str      0x00000000    0xc9c9a
 .debug_str     0x00000000    0xc56a9 Drivers/STM32F4xx_HAL_Driver/Src/stm32f4xx_hal.o
                              0xc5a30 (size before relaxing)
 .debug_str     0x000c56a9      0x6a4 Drivers/STM32F4xx_HAL_Driver/Src/stm32f4xx_hal_adc.o
                              0xc5540 (size before relaxing)
 .debug_str     0x000c5d4d      0x4e5 Drivers/STM32F4xx_HAL_Driver/Src/stm32f4xx_hal_can.o
                              0xc53a0 (size before relaxing)
 .debug_str     0x000c6232      0x3a7 Drivers/STM32F4xx_HAL_Driver/Src/stm32f4xx_hal_cortex.o
                              0xc57f8 (size before relaxing)
 .debug_str     0x000c65d9      0x304 Drivers/STM32F4xx_HAL_Driver/Src/stm32f4xx_hal_dma.o
                              0xc5378 (size before relaxing)
 .debug_str     0x000c68dd      0x287 Drivers/STM32F4xx_HAL_Driver/Src/stm32f4xx_hal_gpio.o
                              0xc5186 (size before relaxing)
 .debug_str     0x000c6b64      0x39c Drivers/STM32F4xx_HAL_Driver/Src/stm32f4xx_hal_rcc.o
                              0xc5383 (size before relaxing)
 .debug_str     0x000c6f00      0x6b3 Drivers/STM32F4xx_HAL_Driver/Src/stm32f4xx_hal_spi.o
                              0xc577c (size before relaxing)
 .debug_str     0x000c75b3      0xe6b Drivers/STM32F4xx_HAL_Driver/Src/stm32f4xx_hal_tim.o
                              0xc5f7c (size before relaxing)
 .debug_str     0x000c841e      0x4f4 Drivers/STM32F4xx_HAL_Driver/Src/stm32f4xx_hal_tim_ex.o
                              0xc583c (size before relaxing)
 .debug_str     0x000c8912       0xc1 Src/Bsw/adc.o
                              0xc5454 (size before relaxing)
 .debug_str     0x000c89d3       0x5e Src/Bsw/can.o
                              0xc5405 (size before relaxing)
 .debug_str     0x000c8a31       0x1d Src/Bsw/dma.o
                              0xc53b9 (size before relaxing)
 .debug_str     0x000c8a4e       0x1f Src/Bsw/gpio.o
                              0xc4fce (size before relaxing)
 .debug_str     0x000c8a6d       0x44 Src/Bsw/spi.o
                              0xc599c (size before relaxing)
 .debug_str     0x000c8ab1       0x46 Src/Bsw/tim.o
                              0xc5a89 (size before relaxing)
 .debug_str     0x000c8af7      0xae8 Src/Swc/Display/Display.o
                              0xc5d35 (size before relaxing)
 .debug_str     0x000c95df      0x358 Src/Swc/Sense/Sense.o
                              0xc5d50 (size before relaxing)
 .debug_str     0x000c9937      0x14a Src/Swc/SigPrep/SigPrep.o
                              0xc56eb (size before relaxing)
 .debug_str     0x000c9a81       0x99 Src/main.o
                              0xc61c2 (size before relaxing)
 .debug_str     0x000c9b1a       0x1b Src/stm32f4xx_hal_msp.o
                              0xc52ad (size before relaxing)
 .debug_str     0x000c9b35      0x10b Src/stm32f4xx_it.o
                              0xc54fa (size before relaxing)
 .debug_str     0x000c9c40       0x5a Src/system_stm32f4xx.o
                              0xc4f6e (size before relaxing)

.comment        0x00000000       0x6e
 .comment       0x00000000       0x6e Drivers/STM32F4xx_HAL_Driver/Src/stm32f4xx_hal.o
                                 0x6f (size before relaxing)
 .comment       0x0000006e       0x6f Drivers/STM32F4xx_HAL_Driver/Src/stm32f4xx_hal_adc.o
 .comment       0x0000006e       0x6f Drivers/STM32F4xx_HAL_Driver/Src/stm32f4xx_hal_can.o
 .comment       0x0000006e       0x6f Drivers/STM32F4xx_HAL_Driver/Src/stm32f4xx_hal_cortex.o
 .comment       0x0000006e       0x6f Drivers/STM32F4xx_HAL_Driver/Src/stm32f4xx_hal_dma.o
 .comment       0x0000006e       0x6f Drivers/STM32F4xx_HAL_Driver/Src/stm32f4xx_hal_gpio.o
 .comment       0x0000006e       0x6f Drivers/STM32F4xx_HAL_Driver/Src/stm32f4xx_hal_rcc.o
 .comment       0x0000006e       0x6f Drivers/STM32F4xx_HAL_Driver/Src/stm32f4xx_hal_spi.o
 .comment       0x0000006e       0x6f Drivers/STM32F4xx_HAL_Driver/Src/stm32f4xx_hal_tim.o
 .comment       0x0000006e       0x6f Drivers/STM32F4xx_HAL_Driver/Src/stm32f4xx_hal_tim_ex.o
 .comment       0x0000006e       0x6f Src/Bsw/adc.o
 .comment       0x0000006e       0x6f Src/Bsw/can.o
 .comment       0x0000006e       0x6f Src/Bsw/dma.o
 .comment       0x0000006e       0x6f Src/Bsw/gpio.o
 .comment       0x0000006e       0x6f Src/Bsw/spi.o
 .comment       0x0000006e       0x6f Src/Bsw/tim.o
 .comment       0x0000006e       0x6f Src/Swc/Display/Display.o
 .comment       0x0000006e       0x6f Src/Swc/Sense/Sense.o
 .comment       0x0000006e       0x6f Src/Swc/SigPrep/SigPrep.o
 .comment       0x0000006e       0x6f Src/main.o
 .comment       0x0000006e       0x6f Src/stm32f4xx_hal_msp.o
 .comment       0x0000006e       0x6f Src/stm32f4xx_it.o
 .comment       0x0000006e       0x6f Src/system_stm32f4xx.o

.debug_frame    0x00000000     0x2910
 .debug_frame   0x00000000      0x198 Drivers/STM32F4xx_HAL_Driver/Src/stm32f4xx_hal.o
 .debug_frame   0x00000198      0x25c Drivers/STM32F4xx_HAL_Driver/Src/stm32f4xx_hal_adc.o
 .debug_frame   0x000003f4      0x200 Drivers/STM32F4xx_HAL_Driver/Src/stm32f4xx_hal_can.o
 .debug_frame   0x000005f4      0x154 Drivers/STM32F4xx_HAL_Driver/Src/stm32f4xx_hal_cortex.o
 .debug_frame   0x00000748      0x184 Drivers/STM32F4xx_HAL_Driver/Src/stm32f4xx_hal_dma.o
 .debug_frame   0x000008cc       0xc4 Drivers/STM32F4xx_HAL_Driver/Src/stm32f4xx_hal_gpio.o
 .debug_frame   0x00000990      0x150 Drivers/STM32F4xx_HAL_Driver/Src/stm32f4xx_hal_rcc.o
 .debug_frame   0x00000ae0      0x548 Drivers/STM32F4xx_HAL_Driver/Src/stm32f4xx_hal_spi.o
 .debug_frame   0x00001028      0x9cc Drivers/STM32F4xx_HAL_Driver/Src/stm32f4xx_hal_tim.o
 .debug_frame   0x000019f4      0x3b0 Drivers/STM32F4xx_HAL_Driver/Src/stm32f4xx_hal_tim_ex.o
 .debug_frame   0x00001da4       0x70 Src/Bsw/adc.o
 .debug_frame   0x00001e14       0x68 Src/Bsw/can.o
 .debug_frame   0x00001e7c       0x30 Src/Bsw/dma.o
 .debug_frame   0x00001eac       0x38 Src/Bsw/gpio.o
 .debug_frame   0x00001ee4       0x6c Src/Bsw/spi.o
 .debug_frame   0x00001f50       0x64 Src/Bsw/tim.o
 .debug_frame   0x00001fb4      0x290 Src/Swc/Display/Display.o
 .debug_frame   0x00002244      0x1d0 Src/Swc/Sense/Sense.o
 .debug_frame   0x00002414       0x6c Src/Swc/SigPrep/SigPrep.o
 .debug_frame   0x00002480       0x5c Src/main.o
 .debug_frame   0x000024dc       0x28 Src/stm32f4xx_hal_msp.o
 .debug_frame   0x00002504      0x108 Src/stm32f4xx_it.o
 .debug_frame   0x0000260c       0x30 Src/system_stm32f4xx.o
 .debug_frame   0x0000263c       0x6c c:/ac6/systemworkbench/plugins/fr.ac6.mcu.externaltools.arm-none.win32_1.13.2.201705091103/tools/compiler/bin/../lib/gcc/arm-none-eabi/5.4.1/../../../../arm-none-eabi/lib/armv7e-m/fpu\libm.a(lib_a-w_pow.o)
 .debug_frame   0x000026a8       0x58 c:/ac6/systemworkbench/plugins/fr.ac6.mcu.externaltools.arm-none.win32_1.13.2.201705091103/tools/compiler/bin/../lib/gcc/arm-none-eabi/5.4.1/../../../../arm-none-eabi/lib/armv7e-m/fpu\libm.a(lib_a-w_sqrt.o)
 .debug_frame   0x00002700       0x64 c:/ac6/systemworkbench/plugins/fr.ac6.mcu.externaltools.arm-none.win32_1.13.2.201705091103/tools/compiler/bin/../lib/gcc/arm-none-eabi/5.4.1/../../../../arm-none-eabi/lib/armv7e-m/fpu\libm.a(lib_a-e_pow.o)
 .debug_frame   0x00002764       0x30 c:/ac6/systemworkbench/plugins/fr.ac6.mcu.externaltools.arm-none.win32_1.13.2.201705091103/tools/compiler/bin/../lib/gcc/arm-none-eabi/5.4.1/../../../../arm-none-eabi/lib/armv7e-m/fpu\libm.a(lib_a-e_sqrt.o)
 .debug_frame   0x00002794       0x20 c:/ac6/systemworkbench/plugins/fr.ac6.mcu.externaltools.arm-none.win32_1.13.2.201705091103/tools/compiler/bin/../lib/gcc/arm-none-eabi/5.4.1/../../../../arm-none-eabi/lib/armv7e-m/fpu\libm.a(lib_a-s_fabs.o)
 .debug_frame   0x000027b4       0x20 c:/ac6/systemworkbench/plugins/fr.ac6.mcu.externaltools.arm-none.win32_1.13.2.201705091103/tools/compiler/bin/../lib/gcc/arm-none-eabi/5.4.1/../../../../arm-none-eabi/lib/armv7e-m/fpu\libm.a(lib_a-s_finite.o)
 .debug_frame   0x000027d4       0x20 c:/ac6/systemworkbench/plugins/fr.ac6.mcu.externaltools.arm-none.win32_1.13.2.201705091103/tools/compiler/bin/../lib/gcc/arm-none-eabi/5.4.1/../../../../arm-none-eabi/lib/armv7e-m/fpu\libm.a(lib_a-s_matherr.o)
 .debug_frame   0x000027f4       0x20 c:/ac6/systemworkbench/plugins/fr.ac6.mcu.externaltools.arm-none.win32_1.13.2.201705091103/tools/compiler/bin/../lib/gcc/arm-none-eabi/5.4.1/../../../../arm-none-eabi/lib/armv7e-m/fpu\libm.a(lib_a-s_nan.o)
 .debug_frame   0x00002814       0x3c c:/ac6/systemworkbench/plugins/fr.ac6.mcu.externaltools.arm-none.win32_1.13.2.201705091103/tools/compiler/bin/../lib/gcc/arm-none-eabi/5.4.1/../../../../arm-none-eabi/lib/armv7e-m/fpu\libm.a(lib_a-s_rint.o)
 .debug_frame   0x00002850       0x2c c:/ac6/systemworkbench/plugins/fr.ac6.mcu.externaltools.arm-none.win32_1.13.2.201705091103/tools/compiler/bin/../lib/gcc/arm-none-eabi/5.4.1/../../../../arm-none-eabi/lib/armv7e-m/fpu\libm.a(lib_a-s_scalbn.o)
 .debug_frame   0x0000287c       0x20 c:/ac6/systemworkbench/plugins/fr.ac6.mcu.externaltools.arm-none.win32_1.13.2.201705091103/tools/compiler/bin/../lib/gcc/arm-none-eabi/5.4.1/../../../../arm-none-eabi/lib/armv7e-m/fpu\libm.a(lib_a-s_copysign.o)
 .debug_frame   0x0000289c       0x20 c:/ac6/systemworkbench/plugins/fr.ac6.mcu.externaltools.arm-none.win32_1.13.2.201705091103/tools/compiler/bin/../lib/gcc/arm-none-eabi/5.4.1/../../../../arm-none-eabi/lib/armv7e-m/fpu\libc_nano.a(lib_a-errno.o)
 .debug_frame   0x000028bc       0x2c c:/ac6/systemworkbench/plugins/fr.ac6.mcu.externaltools.arm-none.win32_1.13.2.201705091103/tools/compiler/bin/../lib/gcc/arm-none-eabi/5.4.1/../../../../arm-none-eabi/lib/armv7e-m/fpu\libc_nano.a(lib_a-init.o)
 .debug_frame   0x000028e8       0x28 c:/ac6/systemworkbench/plugins/fr.ac6.mcu.externaltools.arm-none.win32_1.13.2.201705091103/tools/compiler/bin/../lib/gcc/arm-none-eabi/5.4.1/../../../../arm-none-eabi/lib/armv7e-m/fpu\libc_nano.a(lib_a-memcpy-stub.o)
